157.55.39.12 - - [02/Jun/2021:00:03:37 +0200] "GET /forum/oayhs.php?id=83c752-anonymous-maske-bedeutung HTTP/1.1" 200 39660 "-" "Mozilla/5.0 (compatible; bingbot/2.0; +http://www.bing.com/bingbot.htm)"
157.55.39.169 - - [02/Jun/2021:00:04:36 +0200] "GET /2021/05/28/ks4rh5cy/ HTTP/1.1" 500 3148 "-" "Mozilla/5.0 (compatible; bingbot/2.0; +http://www.bing.com/bingbot.htm)"
157.55.39.169 - - [02/Jun/2021:00:09:16 +0200] "GET /2021/05/28/ks4rh5cy/ HTTP/1.1" 500 3148 "-" "Mozilla/5.0 (compatible; bingbot/2.0; +http://www.bing.com/bingbot.htm)"
181.64.64.12 - - [02/Jun/2021:00:12:41 +0200] "GET /forum/oayhs.php?id=83c752-disney-plus-account'A=0 HTTP/1.1" 200 17562 "http://ferienwohnung-brienz.ch/forum/oayhs.php?id=83c752-disney-plus-account'A=0" "Mozilla/5.0 (Windows; U; Windows NT 5.1; pt-PT; rv:1.9.1.2) Gecko/20090729 Firefox/3.5.2 (.NET CLR 3.5.30729)"
157.55.39.43 - - [02/Jun/2021:00:14:54 +0200] "GET /forum/oayhs.php?id=83c752-james-bond-film-ranking HTTP/1.1" 200 33330 "-" "Mozilla/5.0 (compatible; bingbot/2.0; +http://www.bing.com/bingbot.htm)"
40.77.167.37 - - [02/Jun/2021:00:18:06 +0200] "GET /robots.txt HTTP/1.1" 200 307 "-" "Mozilla/5.0 (compatible; bingbot/2.0; +http://www.bing.com/bingbot.htm)"
157.55.39.169 - - [02/Jun/2021:00:18:06 +0200] "GET /2021/05/28/ks4rh5cy/ HTTP/1.1" 500 3148 "-" "Mozilla/5.0 (compatible; bingbot/2.0; +http://www.bing.com/bingbot.htm)"
157.55.39.169 - - [02/Jun/2021:00:32:18 +0200] "GET /2021/05/28/ks4rh5cy/ HTTP/1.1" 500 3148 "-" "Mozilla/5.0 (compatible; bingbot/2.0; +http://www.bing.com/bingbot.htm)"
157.55.39.81 - - [02/Jun/2021:00:40:36 +0200] "GET /forum/oayhs.php?id=83c752-andreas-h%C3%B6ber-jugendamt HTTP/1.1" 200 24455 "-" "Mozilla/5.0 (compatible; bingbot/2.0; +http://www.bing.com/bingbot.htm)"
157.55.39.43 - - [02/Jun/2021:00:42:44 +0200] "GET /forum/oayhs.php?id=83c752-l%27amour-toujours-%C3%BCbersetzung HTTP/1.1" 200 18952 "-" "Mozilla/5.0 (compatible; bingbot/2.0; +http://www.bing.com/bingbot.htm)"
157.55.39.81 - - [02/Jun/2021:00:47:09 +0200] "GET /forum/oayhs.php?id=83c752-james-bondstyle HTTP/1.1" 200 27212 "-" "Mozilla/5.0 (compatible; bingbot/2.0; +http://www.bing.com/bingbot.htm)"
157.55.39.169 - - [02/Jun/2021:00:48:30 +0200] "GET /2021/05/28/ks4rh5cy/ HTTP/1.1" 500 3148 "-" "Mozilla/5.0 (compatible; bingbot/2.0; +http://www.bing.com/bingbot.htm)"
157.55.39.53 - - [02/Jun/2021:00:53:18 +0200] "GET /forum/oayhs.php?id=83c752-die-farben-der-magie-stream HTTP/1.1" 200 26373 "-" "Mozilla/5.0 (compatible; bingbot/2.0; +http://www.bing.com/bingbot.htm)"
157.55.39.169 - - [02/Jun/2021:01:04:31 +0200] "GET /2021/05/28/ks4rh5cy/ HTTP/1.1" 500 3148 "-" "Mozilla/5.0 (compatible; bingbot/2.0; +http://www.bing.com/bingbot.htm)"
40.77.167.36 - - [02/Jun/2021:01:07:11 +0200] "GET /forum/oayhs.php?id=83c752-lana-grossa-meilenweit-8-fach HTTP/1.1" 200 30082 "-" "Mozilla/5.0 (compatible; bingbot/2.0; +http://www.bing.com/bingbot.htm)"
157.55.39.120 - - [02/Jun/2021:01:08:46 +0200] "GET /forum/oayhs.php?id=83c752-gortrom-pok%C3%A9mon HTTP/1.1" 200 24859 "-" "Mozilla/5.0 (compatible; bingbot/2.0; +http://www.bing.com/bingbot.htm)"
157.55.39.55 - - [02/Jun/2021:01:30:03 +0200] "GET /x7lopn4/sitemap.xml HTTP/1.1" 200 81702 "-" "Mozilla/5.0 (compatible; bingbot/2.0; +http://www.bing.com/bingbot.htm)"
207.46.13.26 - - [02/Jun/2021:01:31:08 +0200] "GET /forum/oayhs.php?id=83c752-harry-potter-und-die-heiligt%C3%BCmer-des-todes%3A-teil-1-rollen HTTP/1.1" 200 37731 "-" "Mozilla/5.0 (compatible; bingbot/2.0; +http://www.bing.com/bingbot.htm)"
207.46.13.26 - - [02/Jun/2021:01:33:56 +0200] "GET /forum/oayhs.php?id=83c752-internetadresse-r%C3%A4tsel-3-buchstaben HTTP/1.1" 200 20096 "-" "Mozilla/5.0 (compatible; bingbot/2.0; +http://www.bing.com/bingbot.htm)"
157.55.39.55 - - [02/Jun/2021:01:39:23 +0200] "GET /forum/oayhs.php?id=83c752-ber%C3%BChmte-zitate-sommer HTTP/1.1" 200 29510 "-" "Mozilla/5.0 (compatible; bingbot/2.0; +http://www.bing.com/bingbot.htm)"
207.46.13.26 - - [02/Jun/2021:01:40:05 +0200] "GET /forum/oayhs.php?id=83c752-amigos-bilder-von-dir HTTP/1.1" 200 22066 "-" "Mozilla/5.0 (compatible; bingbot/2.0; +http://www.bing.com/bingbot.htm)"
40.77.167.107 - - [02/Jun/2021:01:47:20 +0200] "GET /forum/oayhs.php?id=83c752-vekoma-custom HTTP/1.1" 200 30193 "-" "Mozilla/5.0 (compatible; bingbot/2.0; +http://www.bing.com/bingbot.htm)"
157.55.39.120 - - [02/Jun/2021:01:51:29 +0200] "GET /forum/oayhs.php?id=83c752-mars-staffel-2-stream HTTP/1.1" 200 17718 "-" "Mozilla/5.0 (compatible; bingbot/2.0; +http://www.bing.com/bingbot.htm)"
157.55.39.81 - - [02/Jun/2021:01:53:50 +0200] "GET /forum/oayhs.php?id=83c752-ber%C3%BChmte-gedichte HTTP/1.1" 200 41553 "-" "Mozilla/5.0 (compatible; bingbot/2.0; +http://www.bing.com/bingbot.htm)"
157.55.39.81 - - [02/Jun/2021:01:54:40 +0200] "GET /forum/oayhs.php?id=83c752-hat-anna-maria-zimmermann-kinder HTTP/1.1" 200 27824 "-" "Mozilla/5.0 (compatible; bingbot/2.0; +http://www.bing.com/bingbot.htm)"
157.55.39.89 - - [02/Jun/2021:02:12:07 +0200] "GET /forum/oayhs.php?id=83c752-peter-pan-interpretation HTTP/1.1" 200 27542 "-" "Mozilla/5.0 (compatible; bingbot/2.0; +http://www.bing.com/bingbot.htm)"
40.77.167.107 - - [02/Jun/2021:02:16:28 +0200] "GET /forum/oayhs.php?id=83c752-wieso-tust-du-dir-das-an-chords HTTP/1.1" 200 18451 "-" "Mozilla/5.0 (compatible; bingbot/2.0; +http://www.bing.com/bingbot.htm)"
157.55.39.120 - - [02/Jun/2021:02:31:12 +0200] "GET /forum/oayhs.php?id=83c752-swarovski-erben HTTP/1.1" 200 31579 "-" "Mozilla/5.0 (compatible; bingbot/2.0; +http://www.bing.com/bingbot.htm)"
40.77.167.107 - - [02/Jun/2021:02:39:04 +0200] "GET /forum/oayhs.php?id=83c752-lamborghini-aventador-preis-2019 HTTP/1.1" 200 23794 "-" "Mozilla/5.0 (compatible; bingbot/2.0; +http://www.bing.com/bingbot.htm)"
3.95.185.105 - - [02/Jun/2021:02:54:23 +0200] "GET /forum/oayhs.php?id=83c752-6ix9ine-merch'A=0 HTTP/1.1" 200 17562 "http://ferienwohnung-brienz.ch/forum/oayhs.php?id=83c752-6ix9ine-merch'A=0" "Mozilla/5.0 (Windows; U; Windows NT 5.1; pt-PT; rv:1.9.1.2) Gecko/20090729 Firefox/3.5.2 (.NET CLR 3.5.30729)"
82.65.26.228 - - [02/Jun/2021:03:12:02 +0200] "GET /forum/oayhs.php?id=83c752-tiefschwarz-ral' HTTP/1.1" 200 30846 "-" "Mozilla/5.0 (Windows NT 10.0; WOW64) AppleWebKit/537.36 (KHTML, like Gecko) Chrome/63.0.2376.91 Safari/537.36"
176.119.141.20 - - [02/Jun/2021:03:17:52 +0200] "GET /forum/oayhs.php?id=83c752-sido-angelcamp HTTP/1.0" 200 81469 "http://ferienwohnung-brienz.ch/forum/oayhs.php?id=83c752-sido-angelcamp" "Mozilla/5.0 (Windows NT 10.0; Win64; x64) AppleWebKit/537.36 (KHTML, like Gecko) Chrome/83.0.4086.0 Safari/537.36"
176.119.141.20 - - [02/Jun/2021:03:17:53 +0200] "POST /wp-comments-post.php HTTP/1.0" 500 3108 "http://ferienwohnung-brienz.ch/forum/oayhs.php?id=83c752-sido-angelcamp" "Mozilla/5.0 (Windows NT 10.0; Win64; x64) AppleWebKit/537.36 (KHTML, like Gecko) Chrome/83.0.4086.0 Safari/537.36"
162.244.33.25 - - [02/Jun/2021:03:18:13 +0200] "GET /forum/oayhs.php?id=83c752-sido-angelcamp HTTP/1.1" 200 25790 "-" "Mozilla/5.0 (Windows NT 10.0; Win64; x64) AppleWebKit/537.36 (KHTML, like Gecko) Chrome/78.0.3904.108 Safari/537.36"
193.93.192.207 - - [02/Jun/2021:03:26:34 +0200] "GET /forum/oayhs.php?id=83c752-sido-angelcamp HTTP/1.0" 200 81469 "http://ferienwohnung-brienz.ch/forum/oayhs.php?id=83c752-sido-angelcamp" "Mozilla/5.0 (Windows NT 10.0; Win64; x64) AppleWebKit/537.36 (KHTML, like Gecko) Chrome/83.0.4103.61 Safari/537.36/iYA9HebN-7"
193.93.192.207 - - [02/Jun/2021:03:26:35 +0200] "POST /wp-comments-post.php HTTP/1.0" 500 3108 "http://ferienwohnung-brienz.ch/forum/oayhs.php?id=83c752-sido-angelcamp" "Mozilla/5.0 (Windows NT 10.0; Win64; x64) AppleWebKit/537.36 (KHTML, like Gecko) Chrome/83.0.4103.61 Safari/537.36/iYA9HebN-7"
162.244.33.25 - - [02/Jun/2021:03:26:56 +0200] "GET /forum/oayhs.php?id=83c752-sido-angelcamp HTTP/1.1" 200 25790 "-" "Mozilla/5.0 (Windows NT 10.0; Win64; x64) AppleWebKit/537.36 (KHTML, like Gecko) Chrome/78.0.3904.108 Safari/537.36"
157.55.39.120 - - [02/Jun/2021:03:30:33 +0200] "GET /forum/oayhs.php?id=83c752-vanessa-mai-tanzt-hip-hop HTTP/1.1" 200 28146 "-" "Mozilla/5.0 (compatible; bingbot/2.0; +http://www.bing.com/bingbot.htm)"
157.55.39.43 - - [02/Jun/2021:03:47:33 +0200] "GET /forum/oayhs.php?id=83c752-runder-papierflieger HTTP/1.1" 200 26818 "-" "Mozilla/5.0 (compatible; bingbot/2.0; +http://www.bing.com/bingbot.htm)"
157.55.39.12 - - [02/Jun/2021:04:05:41 +0200] "GET /forum/oayhs.php?id=83c752-bachelor-andrej-finale HTTP/1.1" 200 24276 "-" "Mozilla/5.0 (compatible; bingbot/2.0; +http://www.bing.com/bingbot.htm)"
157.55.39.120 - - [02/Jun/2021:04:11:06 +0200] "GET /impressum HTTP/1.1" 500 3148 "-" "Mozilla/5.0 (compatible; bingbot/2.0; +http://www.bing.com/bingbot.htm)"
23.228.109.147 - - [02/Jun/2021:04:20:28 +0200] "GET /wp-admin/admin-ajax.php?action=revslider_ajax_action&client_action=update_plugin HTTP/1.1" 500 525 "http://www.google.com/" "Mozilla/5.0 (Windows NT 6.1; Win64; x64) AppleWebKit/537.36 (KHTML, like Gecko) Chrome/56.0.2896.3 Safari/537.36"
66.249.69.244 - - [02/Jun/2021:04:27:45 +0200] "GET /en/datenschutzerklaerung/ HTTP/1.1" 500 3148 "-" "Mozilla/5.0 (Linux; Android 6.0.1; Nexus 5X Build/MMB29P) AppleWebKit/537.36 (KHTML, like Gecko) Chrome/90.0.4430.97 Mobile Safari/537.36 (compatible; Googlebot/2.1; +http://www.google.com/bot.html)"
157.55.39.43 - - [02/Jun/2021:04:30:27 +0200] "GET /forum/oayhs.php?id=83c752-ich-schenk-dir-einen-regenbogen-text-und-gitarrengriffe HTTP/1.1" 200 15744 "-" "Mozilla/5.0 (compatible; bingbot/2.0; +http://www.bing.com/bingbot.htm)"
47.242.2.215 - - [02/Jun/2021:04:42:16 +0200] "GET /xmlrpc.php HTTP/1.1" 500 314 "-" "Mozilla/5.0 (Windows NT 6.1; WOW64; rv:45.0) Gecko/20100101 Firefox/45.0"
157.55.39.43 - - [02/Jun/2021:04:55:02 +0200] "GET /forum/oayhs.php?id=83c752-ist-da-jemand-interpretation HTTP/1.1" 200 28469 "-" "Mozilla/5.0 (compatible; bingbot/2.0; +http://www.bing.com/bingbot.htm)"
157.55.39.55 - - [02/Jun/2021:04:55:36 +0200] "GET /forum/oayhs.php?id=83c752-chinese-chop-suey HTTP/1.1" 200 20736 "-" "Mozilla/5.0 (compatible; bingbot/2.0; +http://www.bing.com/bingbot.htm)"
51.141.100.20 - - [02/Jun/2021:05:08:31 +0200] "GET /forum/oayhs.php?id=83c752-6ix9ine-merch'A=0 HTTP/1.1" 200 17562 "http://ferienwohnung-brienz.ch/forum/oayhs.php?id=83c752-6ix9ine-merch'A=0" "Mozilla/5.0 (Windows; U; Windows NT 5.1; pt-PT; rv:1.9.1.2) Gecko/20090729 Firefox/3.5.2 (.NET CLR 3.5.30729)"
157.55.39.88 - - [02/Jun/2021:05:11:09 +0200] "GET /forum/oayhs.php?id=83c752-russische-namen HTTP/1.1" 200 25645 "-" "Mozilla/5.0 (compatible; bingbot/2.0; +http://www.bing.com/bingbot.htm)"
207.46.13.26 - - [02/Jun/2021:05:18:30 +0200] "GET /forum/oayhs.php?id=83c752-griechischer-wein-chords-dm HTTP/1.1" 200 18713 "-" "Mozilla/5.0 (compatible; bingbot/2.0; +http://www.bing.com/bingbot.htm)"
157.55.39.12 - - [02/Jun/2021:05:23:50 +0200] "GET /forum/oayhs.php?id=83c752-landtagswahl-baden-w%C3%BCrttemberg-2021-prognose HTTP/1.1" 200 34332 "-" "Mozilla/5.0 (compatible; bingbot/2.0; +http://www.bing.com/bingbot.htm)"
40.77.167.107 - - [02/Jun/2021:05:27:41 +0200] "GET /forum/oayhs.php?id=83c752-sowieso-englisch-lyrics HTTP/1.1" 200 36726 "-" "Mozilla/5.0 (compatible; bingbot/2.0; +http://www.bing.com/bingbot.htm)"
181.64.64.12 - - [02/Jun/2021:05:29:40 +0200] "GET /forum/oayhs.php?id=83c752-disney-plus-account'A=0 HTTP/1.1" 200 17562 "http://ferienwohnung-brienz.ch/forum/oayhs.php?id=83c752-disney-plus-account'A=0" "Mozilla/5.0 (Windows; U; Windows NT 5.1; pt-PT; rv:1.9.1.2) Gecko/20090729 Firefox/3.5.2 (.NET CLR 3.5.30729)"
157.55.39.55 - - [02/Jun/2021:05:50:35 +0200] "GET /forum/oayhs.php?id=83c752-andrea-j%C3%BCrgens-hochzeit HTTP/1.1" 200 26973 "-" "Mozilla/5.0 (compatible; bingbot/2.0; +http://www.bing.com/bingbot.htm)"
114.119.157.152 - - [02/Jun/2021:05:50:40 +0200] "GET /en/prices/ HTTP/1.1" 500 3148 "-" "Mozilla/5.0 (Linux; Android 7.0;) AppleWebKit/537.36 (KHTML, like Gecko) Mobile Safari/537.36 (compatible; PetalBot;+https://webmaster.petalsearch.com/site/petalbot)"
157.55.39.53 - - [02/Jun/2021:05:50:45 +0200] "GET /forum/oayhs.php?id=83c752-jahreszeiten-verse HTTP/1.1" 200 31289 "-" "Mozilla/5.0 (compatible; bingbot/2.0; +http://www.bing.com/bingbot.htm)"
157.55.39.12 - - [02/Jun/2021:05:52:41 +0200] "GET /forum/oayhs.php?id=83c752-perf3ct-chords HTTP/1.1" 200 21781 "-" "Mozilla/5.0 (compatible; bingbot/2.0; +http://www.bing.com/bingbot.htm)"
157.55.39.120 - - [02/Jun/2021:06:01:10 +0200] "GET /forum/oayhs.php?id=83c752-lego-helm-star-wars HTTP/1.1" 200 38987 "-" "Mozilla/5.0 (compatible; bingbot/2.0; +http://www.bing.com/bingbot.htm)"
157.55.39.89 - - [02/Jun/2021:06:09:07 +0200] "GET /forum/oayhs.php?id=83c752-bin-ich-seine-gro%C3%9Fe-liebe-test HTTP/1.1" 200 35027 "-" "Mozilla/5.0 (compatible; bingbot/2.0; +http://www.bing.com/bingbot.htm)"
157.55.39.120 - - [02/Jun/2021:06:12:06 +0200] "GET /forum/oayhs.php?id=83c752-swiss-made-lyrics HTTP/1.1" 200 17854 "-" "Mozilla/5.0 (compatible; bingbot/2.0; +http://www.bing.com/bingbot.htm)"
157.55.39.81 - - [02/Jun/2021:06:12:58 +0200] "GET /forum/oayhs.php?id=83c752-tipwin-worms HTTP/1.1" 200 21943 "-" "Mozilla/5.0 (compatible; bingbot/2.0; +http://www.bing.com/bingbot.htm)"
40.77.167.107 - - [02/Jun/2021:06:17:21 +0200] "GET /forum/oayhs.php?id=83c752-wer-schmetterlinge-lachen-h%C3%B6rt%2C-der-wei%C3%9F-wie-wolken-schmecken-wandtattoo HTTP/1.1" 200 26743 "-" "Mozilla/5.0 (compatible; bingbot/2.0; +http://www.bing.com/bingbot.htm)"
157.55.39.55 - - [02/Jun/2021:06:21:32 +0200] "GET /forum/oayhs.php?id=83c752-nimo-original HTTP/1.1" 200 21485 "-" "Mozilla/5.0 (compatible; bingbot/2.0; +http://www.bing.com/bingbot.htm)"
46.161.63.211 - - [02/Jun/2021:06:23:22 +0200] "GET /forum/oayhs.php?id=83c752-sido-angelcamp HTTP/1.0" 200 81469 "http://ferienwohnung-brienz.ch/forum/oayhs.php?id=83c752-sido-angelcamp" "Mozilla/5.0 (Windows NT 10.0; Win64; x64) AppleWebKit/537.36 (KHTML, like Gecko) Chrome/83.0.4100.3 Safari/537.36"
207.46.13.26 - - [02/Jun/2021:06:23:44 +0200] "GET /forum/oayhs.php?id=83c752-wein-spruch HTTP/1.1" 200 35546 "-" "Mozilla/5.0 (compatible; bingbot/2.0; +http://www.bing.com/bingbot.htm)"
157.55.39.55 - - [02/Jun/2021:06:29:32 +0200] "GET /forum/oayhs.php?id=83c752-elwano-werkbund HTTP/1.1" 200 26277 "-" "Mozilla/5.0 (compatible; bingbot/2.0; +http://www.bing.com/bingbot.htm)"
157.55.39.43 - - [02/Jun/2021:06:31:50 +0200] "GET /forum/oayhs.php?id=83c752-halt-stop-sound HTTP/1.1" 200 25289 "-" "Mozilla/5.0 (compatible; bingbot/2.0; +http://www.bing.com/bingbot.htm)"
157.55.39.81 - - [02/Jun/2021:06:33:24 +0200] "GET /forum/oayhs.php?id=83c752-s%C3%A4ugetiere-im-boden HTTP/1.1" 200 30337 "-" "Mozilla/5.0 (compatible; bingbot/2.0; +http://www.bing.com/bingbot.htm)"
185.88.36.159 - - [02/Jun/2021:06:36:00 +0200] "GET /forum/oayhs.php?id=83c752-sido-angelcamp HTTP/1.0" 200 81469 "http://ferienwohnung-brienz.ch/forum/oayhs.php?id=83c752-sido-angelcamp" "Mozilla/5.0 (Windows NT 10.0; Win64; x64) AppleWebKit/537.36 (KHTML, like Gecko) Chrome/83.0.4093.3 Safari/537.36"
157.55.39.12 - - [02/Jun/2021:06:53:21 +0200] "GET /forum/oayhs.php?id=83c752-dailymotion-inga-lindstr%C3%B6m HTTP/1.1" 200 21110 "-" "Mozilla/5.0 (compatible; bingbot/2.0; +http://www.bing.com/bingbot.htm)"
167.99.109.166 - - [02/Jun/2021:06:58:42 +0200] "GET / HTTP/1.1" 500 3148 "-" "Mozilla/5.0 (X11; Linux x86_64) AppleWebKit/537.36 (KHTML, like Gecko) HeadlessChrome/91.0.4472.77 Safari/537.36"
45.87.184.37 - - [02/Jun/2021:06:58:58 +0200] "GET /forum/oayhs.php?id=83c752'A=0 HTTP/1.1" 200 17562 "http://ferienwohnung-brienz.ch/forum/oayhs.php?id=83c752'A=0" "Mozilla/5.0 (Windows; U; Windows NT 5.1; pt-PT; rv:1.9.1.2) Gecko/20090729 Firefox/3.5.2 (.NET CLR 3.5.30729)"
40.77.167.36 - - [02/Jun/2021:07:17:38 +0200] "GET /forum/oayhs.php?id=83c752-bekannte-gedichte HTTP/1.1" 200 26341 "-" "Mozilla/5.0 (compatible; bingbot/2.0; +http://www.bing.com/bingbot.htm)"
178.62.32.105 - - [02/Jun/2021:07:22:37 +0200] "POST /?uymvq=iip HTTP/1.1" 500 3148 "http://ferienwohnung-brienz.ch/?uymvq=iip" "Mozilla/5.0 (Linux; Android 10; POT-LX1) AppleWebKit/537.36 (KHTML, like Gecko) Chrome/89.0.4389.105 Mobile Safari/537.36"
3.82.52.15 - - [02/Jun/2021:07:22:37 +0200] "POST /?uymvq=iip HTTP/1.1" 500 3148 "http://ferienwohnung-brienz.ch/?uymvq=iip" "Mozilla/5.0 (iPhone; CPU iPhone OS 14_4 like Mac OS X) AppleWebKit/605.1.15 (KHTML, like Gecko) GSA/152.1.363973642 Mobile/15E148 Safari/604.1"
128.199.77.201 - - [02/Jun/2021:07:22:39 +0200] "POST /?nmsww=zexdi HTTP/1.1" 500 3148 "http://ferienwohnung-brienz.ch/?nmsww=zexdi" "Mozilla/5.0 (Linux; Android 10; MAR-LX1A) AppleWebKit/537.36 (KHTML, like Gecko) Chrome/89.0.4389.105 Mobile Safari/537.36"
45.56.216.91 - - [02/Jun/2021:07:22:40 +0200] "POST /?nmsww=zexdi HTTP/1.1" 500 3148 "http://ferienwohnung-brienz.ch/?nmsww=zexdi" "Mozilla/5.0 (Windows NT 10.0; Win64; x64) AppleWebKit/537.36 (KHTML, like Gecko) Chrome/89.0.4389.90 Safari/537.36 Edg/89.0.774.63"
157.55.39.120 - - [02/Jun/2021:07:22:49 +0200] "GET /forum/oayhs.php?id=83c752-kanon-deutsch HTTP/1.1" 200 39419 "-" "Mozilla/5.0 (compatible; bingbot/2.0; +http://www.bing.com/bingbot.htm)"
157.55.39.55 - - [02/Jun/2021:07:26:39 +0200] "GET /forum/oayhs.php?id=83c752-blackout-shisha-ersatzteile HTTP/1.1" 200 23189 "-" "Mozilla/5.0 (compatible; bingbot/2.0; +http://www.bing.com/bingbot.htm)"
157.55.39.55 - - [02/Jun/2021:07:28:52 +0200] "GET /forum/oayhs.php?id=83c752-helene-fischer-duetts HTTP/1.1" 200 24295 "-" "Mozilla/5.0 (compatible; bingbot/2.0; +http://www.bing.com/bingbot.htm)"
40.77.167.107 - - [02/Jun/2021:07:30:43 +0200] "GET /forum/oayhs.php?id=83c752-kleid-mary-roos-1984-preis HTTP/1.1" 200 25280 "-" "Mozilla/5.0 (compatible; bingbot/2.0; +http://www.bing.com/bingbot.htm)"
157.55.39.53 - - [02/Jun/2021:07:32:05 +0200] "GET /forum/oayhs.php?id=83c752-ewigkeit-bibel HTTP/1.1" 200 31120 "-" "Mozilla/5.0 (compatible; bingbot/2.0; +http://www.bing.com/bingbot.htm)"
157.55.39.12 - - [02/Jun/2021:07:34:01 +0200] "GET /forum/oayhs.php?id=83c752-zirkus-duden HTTP/1.1" 200 27000 "-" "Mozilla/5.0 (compatible; bingbot/2.0; +http://www.bing.com/bingbot.htm)"
157.55.39.55 - - [02/Jun/2021:07:38:58 +0200] "GET /forum/oayhs.php?id=83c752-he%27s-a-pirate-notes HTTP/1.1" 200 18561 "-" "Mozilla/5.0 (compatible; bingbot/2.0; +http://www.bing.com/bingbot.htm)"
114.119.156.23 - - [02/Jun/2021:07:39:21 +0200] "GET /en/apartment/ HTTP/1.1" 500 3148 "-" "Mozilla/5.0 (Linux; Android 7.0;) AppleWebKit/537.36 (KHTML, like Gecko) Mobile Safari/537.36 (compatible; PetalBot;+https://webmaster.petalsearch.com/site/petalbot)"
195.154.80.89 - - [02/Jun/2021:07:42:44 +0200] "GET /forum/oayhs.php?id=83c752-schlagerboom-2021-tickets HTTP/1.1" 200 23377 "-" "Mozilla/5.0 (compatible; Googlebot/2.1; +http://www.google.com/bot.html)"
157.55.39.12 - - [02/Jun/2021:07:45:14 +0200] "GET /forum/oayhs.php?id=83c752-ethische-gewalt-definition HTTP/1.1" 200 29062 "-" "Mozilla/5.0 (compatible; bingbot/2.0; +http://www.bing.com/bingbot.htm)"
157.55.39.53 - - [02/Jun/2021:07:46:57 +0200] "GET /forum/oayhs.php?id=83c752-hjc-marvel-venom HTTP/1.1" 200 25255 "-" "Mozilla/5.0 (compatible; bingbot/2.0; +http://www.bing.com/bingbot.htm)"
157.55.39.89 - - [02/Jun/2021:07:52:32 +0200] "GET /forum/oayhs.php?id=83c752-peter-pan-%282003-trailer%29 HTTP/1.1" 200 27397 "-" "Mozilla/5.0 (compatible; bingbot/2.0; +http://www.bing.com/bingbot.htm)"
207.46.13.26 - - [02/Jun/2021:08:06:25 +0200] "GET /forum/oayhs.php?id=83c752-manuellsen-bushido HTTP/1.1" 200 25269 "-" "Mozilla/5.0 (compatible; bingbot/2.0; +http://www.bing.com/bingbot.htm)"
207.46.13.26 - - [02/Jun/2021:08:10:47 +0200] "GET /forum/oayhs.php?id=83c752-wincent-weiss-irgendwie-anders-live HTTP/1.1" 200 29481 "-" "Mozilla/5.0 (compatible; bingbot/2.0; +http://www.bing.com/bingbot.htm)"
114.119.132.70 - - [02/Jun/2021:08:25:21 +0200] "GET /en/home/impressum HTTP/1.1" 500 3148 "-" "Mozilla/5.0 (Linux; Android 7.0;) AppleWebKit/537.36 (KHTML, like Gecko) Mobile Safari/537.36 (compatible; PetalBot;+https://webmaster.petalsearch.com/site/petalbot)"
40.77.167.107 - - [02/Jun/2021:08:26:55 +0200] "GET /forum/oayhs.php?id=83c752-ich-vermisse-dich-so-sehr-trauer HTTP/1.1" 200 25114 "-" "Mozilla/5.0 (compatible; bingbot/2.0; +http://www.bing.com/bingbot.htm)"
157.55.39.12 - - [02/Jun/2021:08:28:34 +0200] "GET /forum/oayhs.php?id=83c752-die-blauen-boys HTTP/1.1" 200 28692 "-" "Mozilla/5.0 (compatible; bingbot/2.0; +http://www.bing.com/bingbot.htm)"
157.55.39.89 - - [02/Jun/2021:08:45:13 +0200] "GET /forum/oayhs.php?id=83c752-tussi-andrea-j%C3%BCrgens HTTP/1.1" 200 43108 "-" "Mozilla/5.0 (compatible; bingbot/2.0; +http://www.bing.com/bingbot.htm)"
157.55.39.55 - - [02/Jun/2021:08:47:25 +0200] "GET /gdxqg/sitemap.xml HTTP/1.1" 200 73433 "-" "Mozilla/5.0 (compatible; bingbot/2.0; +http://www.bing.com/bingbot.htm)"
40.77.167.107 - - [02/Jun/2021:08:50:28 +0200] "GET /forum/oayhs.php?id=83c752-spektrum-verlag-b%C3%BCcher HTTP/1.1" 200 31090 "-" "Mozilla/5.0 (compatible; bingbot/2.0; +http://www.bing.com/bingbot.htm)"
40.77.167.107 - - [02/Jun/2021:08:57:07 +0200] "GET /forum/oayhs.php?id=83c752-hjc-rpha11-venom HTTP/1.1" 200 32576 "-" "Mozilla/5.0 (compatible; bingbot/2.0; +http://www.bing.com/bingbot.htm)"
157.55.39.55 - - [02/Jun/2021:09:03:32 +0200] "GET /forum/oayhs.php?id=83c752-top-30-songs HTTP/1.1" 200 17120 "-" "Mozilla/5.0 (compatible; bingbot/2.0; +http://www.bing.com/bingbot.htm)"
40.77.167.107 - - [02/Jun/2021:09:09:29 +0200] "GET /forum/oayhs.php?id=83c752-tehuantepec-tracht HTTP/1.1" 200 27623 "-" "Mozilla/5.0 (compatible; bingbot/2.0; +http://www.bing.com/bingbot.htm)"
157.55.39.53 - - [02/Jun/2021:09:09:33 +0200] "GET /forum/oayhs.php?id=83c752-mount-rushmore-karte HTTP/1.1" 200 32215 "-" "Mozilla/5.0 (compatible; bingbot/2.0; +http://www.bing.com/bingbot.htm)"
157.55.39.88 - - [02/Jun/2021:09:10:06 +0200] "GET /forum/oayhs.php?id=83c752-beast-kpop-group HTTP/1.1" 200 24499 "-" "Mozilla/5.0 (compatible; bingbot/2.0; +http://www.bing.com/bingbot.htm)"
20.191.45.212 - - [02/Jun/2021:09:10:38 +0200] "GET / HTTP/1.1" 500 3148 "http://ferienwohnung-brienz.ch/" "Mozilla/5.0 (compatible; DuckDuckGo-Favicons-Bot/1.0; +http://duckduckgo.com)"
157.55.39.89 - - [02/Jun/2021:09:12:22 +0200] "GET /forum/oayhs.php?id=83c752-trolls-lieder-deutsch-regenbogen HTTP/1.1" 200 17005 "-" "Mozilla/5.0 (compatible; bingbot/2.0; +http://www.bing.com/bingbot.htm)"
40.77.167.107 - - [02/Jun/2021:09:14:49 +0200] "GET /forum/oayhs.php?id=83c752-f%C3%BCr-dich-lyrics HTTP/1.1" 200 21597 "-" "Mozilla/5.0 (compatible; bingbot/2.0; +http://www.bing.com/bingbot.htm)"
40.77.167.107 - - [02/Jun/2021:09:28:55 +0200] "GET /forum/oayhs.php?id=83c752-silence-is-violence-deutsch HTTP/1.1" 200 33990 "-" "Mozilla/5.0 (compatible; bingbot/2.0; +http://www.bing.com/bingbot.htm)"
157.55.39.89 - - [02/Jun/2021:09:33:22 +0200] "GET /forum/oayhs.php?id=83c752-captain-america-schild-bauen HTTP/1.1" 200 29361 "-" "Mozilla/5.0 (compatible; bingbot/2.0; +http://www.bing.com/bingbot.htm)"
157.55.39.81 - - [02/Jun/2021:09:44:18 +0200] "GET /forum/oayhs.php?id=83c752-pr%C3%A4sidentschaftswahl-usa-1984 HTTP/1.1" 200 29755 "-" "Mozilla/5.0 (compatible; bingbot/2.0; +http://www.bing.com/bingbot.htm)"
40.77.167.107 - - [02/Jun/2021:09:49:29 +0200] "GET /forum/oayhs.php?id=83c752-message-in-a-bottle-ganzer-film-deutsch HTTP/1.1" 200 27267 "-" "Mozilla/5.0 (compatible; bingbot/2.0; +http://www.bing.com/bingbot.htm)"
40.77.167.107 - - [02/Jun/2021:09:52:36 +0200] "GET /forum/oayhs.php?id=83c752-entenbrust-chinesisch-wok HTTP/1.1" 200 22764 "-" "Mozilla/5.0 (compatible; bingbot/2.0; +http://www.bing.com/bingbot.htm)"
40.77.167.107 - - [02/Jun/2021:09:53:39 +0200] "GET /forum/oayhs.php?id=83c752-eu-au%C3%9Fenpolitik-aktuell HTTP/1.1" 200 28956 "-" "Mozilla/5.0 (compatible; bingbot/2.0; +http://www.bing.com/bingbot.htm)"
40.77.167.36 - - [02/Jun/2021:09:54:23 +0200] "GET /forum/oayhs.php?id=83c752-hans-zimmer-m%C3%BCnchen-2020 HTTP/1.1" 200 27234 "-" "Mozilla/5.0 (compatible; bingbot/2.0; +http://www.bing.com/bingbot.htm)"
40.77.167.107 - - [02/Jun/2021:09:57:33 +0200] "GET /forum/oayhs.php?id=83c752-roter-regen-algen HTTP/1.1" 200 20786 "-" "Mozilla/5.0 (compatible; bingbot/2.0; +http://www.bing.com/bingbot.htm)"
40.77.167.107 - - [02/Jun/2021:09:59:57 +0200] "GET /forum/oayhs.php?id=83c752-high-und-hungrig-3 HTTP/1.1" 200 22290 "-" "Mozilla/5.0 (compatible; bingbot/2.0; +http://www.bing.com/bingbot.htm)"
66.249.69.244 - - [02/Jun/2021:10:12:33 +0200] "GET /en/impressum/ HTTP/1.1" 500 3148 "-" "Mozilla/5.0 (compatible; Googlebot/2.1; +http://www.google.com/bot.html)"
34.116.249.131 - - [02/Jun/2021:10:15:53 +0200] "GET /wp-login.php HTTP/1.1" 500 3148 "-" "Mozilla/5.0 (X11; Ubuntu; Linux x86_64; rv:62.0) Gecko/20100101 Firefox/62.0"
207.46.13.26 - - [02/Jun/2021:10:16:19 +0200] "GET /forum/oayhs.php?id=83c752-helge-schneider-jazz HTTP/1.1" 200 25152 "-" "Mozilla/5.0 (compatible; bingbot/2.0; +http://www.bing.com/bingbot.htm)"
157.55.39.43 - - [02/Jun/2021:10:24:29 +0200] "GET /forum/oayhs.php?id=83c752-age-of-war-4 HTTP/1.1" 200 24213 "-" "Mozilla/5.0 (compatible; bingbot/2.0; +http://www.bing.com/bingbot.htm)"
157.55.39.120 - - [02/Jun/2021:10:24:59 +0200] "GET /forum/oayhs.php?id=83c752-rangfolge-james-bond-filme HTTP/1.1" 200 34804 "-" "Mozilla/5.0 (compatible; bingbot/2.0; +http://www.bing.com/bingbot.htm)"
157.55.39.12 - - [02/Jun/2021:10:27:06 +0200] "GET /forum/oayhs.php?id=83c752-dzeko-torres-l-amour-toujours-ti%C3%ABsto-edit HTTP/1.1" 200 19523 "-" "Mozilla/5.0 (compatible; bingbot/2.0; +http://www.bing.com/bingbot.htm)"
157.55.39.88 - - [02/Jun/2021:11:16:49 +0200] "GET /forum/oayhs.php?id=83c752-der-himmel-rei%C3%9Ft-auf-vanessa-mai-lyrics HTTP/1.1" 200 16443 "-" "Mozilla/5.0 (compatible; bingbot/2.0; +http://www.bing.com/bingbot.htm)"
157.55.39.43 - - [02/Jun/2021:11:20:14 +0200] "GET /forum/oayhs.php?id=83c752-frederik-g%C3%B6tz-alles-was-z%C3%A4hlt HTTP/1.1" 200 31101 "-" "Mozilla/5.0 (compatible; bingbot/2.0; +http://www.bing.com/bingbot.htm)"
51.116.180.49 - - [02/Jun/2021:11:24:40 +0200] "GET / HTTP/1.1" 500 3148 "-" "Mozilla/5.0 (Windows NT 10.0; Win64; x64) AppleWebKit/537.36 (KHTML, like Gecko) Chrome/79.0 Safari/537.36"
51.116.180.49 - - [02/Jun/2021:11:24:41 +0200] "GET / HTTP/1.1" 500 3148 "-" "Mozilla/5.0 (Windows NT 10.0; Win64; x64) AppleWebKit/537.36 (KHTML, like Gecko) Chrome/79.0 Safari/537.36"
51.116.180.49 - - [02/Jun/2021:11:24:41 +0200] "GET /wp-includes/wlwmanifest.xml HTTP/1.1" 200 1370 "-" "Mozilla/5.0 (Windows NT 10.0; Win64; x64) AppleWebKit/537.36 (KHTML, like Gecko) Chrome/79.0 Safari/537.36"
51.116.180.49 - - [02/Jun/2021:11:24:41 +0200] "GET /wp-login.php HTTP/1.1" 500 3122 "-" "Mozilla/5.0 (Windows NT 10.0; Win64; x64) AppleWebKit/537.36 (KHTML, like Gecko) Chrome/79.0 Safari/537.36"
157.55.39.81 - - [02/Jun/2021:11:28:45 +0200] "GET /wbakdf/sitemap.xml HTTP/1.1" 200 54925 "-" "Mozilla/5.0 (compatible; bingbot/2.0; +http://www.bing.com/bingbot.htm)"
114.119.141.35 - - [02/Jun/2021:11:31:11 +0200] "GET /en/calendar/impressum HTTP/1.1" 500 3148 "-" "Mozilla/5.0 (Linux; Android 7.0;) AppleWebKit/537.36 (KHTML, like Gecko) Mobile Safari/537.36 (compatible; PetalBot;+https://webmaster.petalsearch.com/site/petalbot)"
157.55.39.81 - - [02/Jun/2021:11:32:38 +0200] "GET /forum/oayhs.php?id=83c752-vorankommen-lyrics HTTP/1.1" 200 22310 "-" "Mozilla/5.0 (compatible; bingbot/2.0; +http://www.bing.com/bingbot.htm)"
207.148.3.60 - - [02/Jun/2021:11:36:20 +0200] "POST /forum/oayhs.php HTTP/1.0" 200 345 "http://ferienwohnung-brienz.ch/forum/oayhs.php" "Mozilla/5.0 (Linux; Android 11; SM-A715F) AppleWebKit/537.36 (KHTML, like Gecko) Chrome/89.0.4389.105 Mobile Safari/537.36"
157.55.39.120 - - [02/Jun/2021:11:40:13 +0200] "GET /forum/oayhs.php?id=83c752-tiere-mit-e HTTP/1.1" 200 19060 "-" "Mozilla/5.0 (compatible; bingbot/2.0; +http://www.bing.com/bingbot.htm)"
157.55.39.89 - - [02/Jun/2021:11:43:29 +0200] "GET /forum/oayhs.php?id=83c752-was-ist-ein-planet-ohne-ein-plan-nur-noch-ein-et HTTP/1.1" 200 37027 "-" "Mozilla/5.0 (compatible; bingbot/2.0; +http://www.bing.com/bingbot.htm)"
92.118.77.10 - - [02/Jun/2021:11:47:58 +0200] "GET / HTTP/1.0" 500 3108 "-" "Mozilla/5.0 (Windows NT 10.0; Win64; x64) AppleWebKit/537.36 (KHTML, like Gecko) Chrome/71.0.3578.98 Safari/537.36"
92.118.77.10 - - [02/Jun/2021:11:47:59 +0200] "GET / HTTP/1.0" 500 3108 "-" "Mozilla/5.0 (Windows NT 10.0; Win64; x64) AppleWebKit/537.36 (KHTML, like Gecko) Chrome/71.0.3578.98 Safari/537.36"
92.118.77.10 - - [02/Jun/2021:11:48:02 +0200] "GET / HTTP/1.0" 500 3108 "-" "Mozilla/5.0 (Windows NT 10.0; Win64; x64) AppleWebKit/537.36 (KHTML, like Gecko) Chrome/71.0.3578.98 Safari/537.36"
92.118.77.10 - - [02/Jun/2021:11:48:02 +0200] "GET / HTTP/1.0" 500 3108 "-" "Mozilla/5.0 (Windows NT 10.0; Win64; x64) AppleWebKit/537.36 (KHTML, like Gecko) Chrome/71.0.3578.98 Safari/537.36"
207.46.13.26 - - [02/Jun/2021:11:48:35 +0200] "GET /xr7lk8/sitemap.xml HTTP/1.1" 200 97222 "-" "Mozilla/5.0 (compatible; bingbot/2.0; +http://www.bing.com/bingbot.htm)"
40.88.21.235 - - [02/Jun/2021:11:52:44 +0200] "GET / HTTP/1.1" 500 3148 "http://ferienwohnung-brienz.ch/" "Mozilla/5.0 (compatible; DuckDuckGo-Favicons-Bot/1.0; +http://duckduckgo.com)"
157.55.39.43 - - [02/Jun/2021:11:56:21 +0200] "GET /forum/oayhs.php?id=83c752-du-bist-mein-leben-brief HTTP/1.1" 200 18899 "-" "Mozilla/5.0 (compatible; bingbot/2.0; +http://www.bing.com/bingbot.htm)"
159.65.86.130 - - [02/Jun/2021:12:12:50 +0200] "GET /wp-content/plugins/fancy-product-designer/assets/jssocials/jssocials.css HTTP/1.1" 500 3148 "ferienwohnung-brienz.ch" "Mozilla/5.0 (Windows NT 6.1; WOW64) AppleWebKit/537.36 (KHTML, like Gecko) Chrome/50.0.2661.75 Safari/537.36"
40.77.167.36 - - [02/Jun/2021:12:13:08 +0200] "GET /forum/oayhs.php?id=83c752-columba-bush-height HTTP/1.1" 200 25289 "-" "Mozilla/5.0 (compatible; bingbot/2.0; +http://www.bing.com/bingbot.htm)"
157.55.39.12 - - [02/Jun/2021:12:15:30 +0200] "GET /forum/oayhs.php?id=83c752-flugmodus-wlan HTTP/1.1" 200 20790 "-" "Mozilla/5.0 (compatible; bingbot/2.0; +http://www.bing.com/bingbot.htm)"
157.55.39.81 - - [02/Jun/2021:12:20:49 +0200] "GET /forum/oayhs.php?id=83c752-dilaw-shisha-4-anschl%C3%BCsse HTTP/1.1" 200 14555 "-" "Mozilla/5.0 (compatible; bingbot/2.0; +http://www.bing.com/bingbot.htm)"
54.36.148.96 - - [02/Jun/2021:12:26:08 +0200] "GET /robots.txt HTTP/1.1" 200 263 "-" "Mozilla/5.0 (compatible; AhrefsBot/7.0; +http://ahrefs.com/robot/)"
54.36.148.17 - - [02/Jun/2021:12:26:08 +0200] "GET / HTTP/1.1" 500 3148 "-" "Mozilla/5.0 (compatible; AhrefsBot/7.0; +http://ahrefs.com/robot/)"
45.40.166.145 - - [02/Jun/2021:12:46:10 +0200] "POST /wbakdf/ipgqwmv HTTP/1.0" 200 343 "http://ferienwohnung-brienz.ch/wbakdf/ipgqwmv" "Mozilla/5.0 (Macintosh; Intel Mac OS X 10_15_7) AppleWebKit/605.1.15 (KHTML, like Gecko) Version/14.0.3 Safari/605.1.15"
94.195.1.214 - - [02/Jun/2021:12:55:36 +0200] "GET /forum/oayhs.php?id=83c752-www-schreibtrainer-online-de-de-aspx-start-aspx' HTTP/1.1" 200 26183 "-" "Mozilla/5.0 (Windows NT 10.0; WOW64; rv:52.0) Gecko/20100101 Firefox/52.0"
94.195.1.214 - - [02/Jun/2021:12:58:28 +0200] "GET /forum/oayhs.php?id=83c752-www-schreibtrainer-online-de-de-aspx-start-aspx' HTTP/1.1" 200 26183 "-" "Mozilla/5.0 (Windows NT 10.0; WOW64; rv:52.0) Gecko/20100101 Firefox/52.0"
157.55.39.55 - - [02/Jun/2021:12:59:18 +0200] "GET /forum/oayhs.php?id=83c752-heino-verm%C3%B6gen HTTP/1.1" 200 25572 "-" "Mozilla/5.0 (compatible; bingbot/2.0; +http://www.bing.com/bingbot.htm)"
157.55.39.12 - - [02/Jun/2021:13:00:00 +0200] "GET /forum/oayhs.php?id=83c752-hypnotize-chords HTTP/1.1" 200 22628 "-" "Mozilla/5.0 (compatible; bingbot/2.0; +http://www.bing.com/bingbot.htm)"
157.55.39.81 - - [02/Jun/2021:13:00:06 +0200] "GET /forum/oayhs.php?id=83c752-riptide-piano-sheet-pdf HTTP/1.1" 200 30504 "-" "Mozilla/5.0 (compatible; bingbot/2.0; +http://www.bing.com/bingbot.htm)"
157.55.39.12 - - [02/Jun/2021:13:17:35 +0200] "GET /forum/oayhs.php?id=83c752-helene-fischer---dein-blick HTTP/1.1" 200 24412 "-" "Mozilla/5.0 (compatible; bingbot/2.0; +http://www.bing.com/bingbot.htm)"
40.77.167.107 - - [02/Jun/2021:13:20:20 +0200] "GET /forum/oayhs.php?id=83c752-schlager-neuerscheinungen-2020 HTTP/1.1" 200 31331 "-" "Mozilla/5.0 (compatible; bingbot/2.0; +http://www.bing.com/bingbot.htm)"
157.55.39.55 - - [02/Jun/2021:13:25:10 +0200] "GET /forum/oayhs.php?id=83c752-brigitte-hildegard-lindemann HTTP/1.1" 200 21430 "-" "Mozilla/5.0 (compatible; bingbot/2.0; +http://www.bing.com/bingbot.htm)"
207.46.13.26 - - [02/Jun/2021:13:30:55 +0200] "GET /forum/oayhs.php?id=83c752-scheibenwelt-atlas HTTP/1.1" 200 26216 "-" "Mozilla/5.0 (compatible; bingbot/2.0; +http://www.bing.com/bingbot.htm)"
40.77.167.36 - - [02/Jun/2021:13:35:35 +0200] "GET /forum/oayhs.php?id=83c752-tipp-10-login HTTP/1.1" 200 15723 "-" "Mozilla/5.0 (compatible; bingbot/2.0; +http://www.bing.com/bingbot.htm)"
157.55.39.81 - - [02/Jun/2021:13:38:16 +0200] "GET /forum/oayhs.php?id=83c752-genetikk----trill-model HTTP/1.1" 200 31432 "-" "Mozilla/5.0 (compatible; bingbot/2.0; +http://www.bing.com/bingbot.htm)"
157.55.39.120 - - [02/Jun/2021:13:38:50 +0200] "GET /forum/oayhs.php?id=83c752-casino-royale-lyrics HTTP/1.1" 200 19080 "-" "Mozilla/5.0 (compatible; bingbot/2.0; +http://www.bing.com/bingbot.htm)"
157.55.39.55 - - [02/Jun/2021:13:44:56 +0200] "GET /forum/oayhs.php?id=83c752-he%27s-a-pirate-klavier HTTP/1.1" 200 30149 "-" "Mozilla/5.0 (compatible; bingbot/2.0; +http://www.bing.com/bingbot.htm)"
157.55.39.55 - - [02/Jun/2021:14:00:04 +0200] "GET /forum/oayhs.php?id=83c752-cloud-9-csgo HTTP/1.1" 200 22408 "-" "Mozilla/5.0 (compatible; bingbot/2.0; +http://www.bing.com/bingbot.htm)"
40.77.167.107 - - [02/Jun/2021:14:09:12 +0200] "GET /forum/oayhs.php?id=83c752-jugend-wahlbeteiligung-2019 HTTP/1.1" 200 36394 "-" "Mozilla/5.0 (compatible; bingbot/2.0; +http://www.bing.com/bingbot.htm)"
40.77.167.107 - - [02/Jun/2021:14:21:12 +0200] "GET /forum/oayhs.php?id=83c752-system-of-a-down---aerials-lyrics-deutsch HTTP/1.1" 200 19575 "-" "Mozilla/5.0 (compatible; bingbot/2.0; +http://www.bing.com/bingbot.htm)"
40.77.167.36 - - [02/Jun/2021:14:26:49 +0200] "GET /forum/oayhs.php?id=83c752-wincent-weiss-dsds-nummer HTTP/1.1" 200 25986 "-" "Mozilla/5.0 (compatible; bingbot/2.0; +http://www.bing.com/bingbot.htm)"
157.55.39.89 - - [02/Jun/2021:14:29:17 +0200] "GET /forum/oayhs.php?id=83c752-akute-toxizit%C3%A4t-symbol HTTP/1.1" 200 23802 "-" "Mozilla/5.0 (compatible; bingbot/2.0; +http://www.bing.com/bingbot.htm)"
157.55.39.43 - - [02/Jun/2021:14:36:33 +0200] "GET /forum/oayhs.php?id=83c752-alexandra-swarovski-t%C3%B6chter HTTP/1.1" 200 22789 "-" "Mozilla/5.0 (compatible; bingbot/2.0; +http://www.bing.com/bingbot.htm)"
157.55.39.55 - - [02/Jun/2021:14:37:27 +0200] "GET /forum/oayhs.php?id=83c752-seerosenteich-lyrics HTTP/1.1" 200 21797 "-" "Mozilla/5.0 (compatible; bingbot/2.0; +http://www.bing.com/bingbot.htm)"
45.80.105.200 - - [02/Jun/2021:14:39:13 +0200] "GET /forum/oayhs.php?id=83c752-manifest-classpath-entry HTTP/1.0" 200 81443 "http://ferienwohnung-brienz.ch/forum/oayhs.php?id=83c752-manifest-classpath-entry" "Mozilla/5.0 (Windows NT 10.0; Win64; x64) AppleWebKit/537.36 (KHTML, like Gecko) Chrome/83.0.4089.0 Safari/537.36"
45.80.105.200 - - [02/Jun/2021:14:39:14 +0200] "POST /wp-comments-post.php HTTP/1.0" 500 3108 "http://ferienwohnung-brienz.ch/forum/oayhs.php?id=83c752-manifest-classpath-entry" "Mozilla/5.0 (Windows NT 10.0; Win64; x64) AppleWebKit/537.36 (KHTML, like Gecko) Chrome/83.0.4089.0 Safari/537.36"
162.244.33.99 - - [02/Jun/2021:14:39:45 +0200] "GET /forum/oayhs.php?id=83c752-manifest-classpath-entry HTTP/1.1" 200 26270 "-" "Mozilla/5.0 (Windows NT 10.0; Win64; x64) AppleWebKit/537.36 (KHTML, like Gecko) Chrome/78.0.3904.108 Safari/537.36"
157.55.39.53 - - [02/Jun/2021:14:41:54 +0200] "GET /forum/sitemap.xml HTTP/1.1" 200 136992 "-" "Mozilla/5.0 (compatible; bingbot/2.0; +http://www.bing.com/bingbot.htm)"
20.51.218.87 - - [02/Jun/2021:14:46:34 +0200] "GET /forum/oayhs.php?id=83c752'A=0 HTTP/1.1" 200 17562 "http://ferienwohnung-brienz.ch/forum/oayhs.php?id=83c752'A=0" "Mozilla/5.0 (Windows; U; Windows NT 5.1; pt-PT; rv:1.9.1.2) Gecko/20090729 Firefox/3.5.2 (.NET CLR 3.5.30729)"
194.87.112.90 - - [02/Jun/2021:14:48:31 +0200] "GET /forum/oayhs.php?id=83c752-manifest-classpath-entry HTTP/1.0" 200 81443 "http://ferienwohnung-brienz.ch/forum/oayhs.php?id=83c752-manifest-classpath-entry" "Mozilla/5.0 (Windows NT 10.0; Win64; x64) AppleWebKit/537.36 (KHTML, like Gecko) Chrome/83.0.4089.0 Safari/537.36"
194.87.112.90 - - [02/Jun/2021:14:48:31 +0200] "POST /wp-comments-post.php HTTP/1.0" 500 3108 "http://ferienwohnung-brienz.ch/forum/oayhs.php?id=83c752-manifest-classpath-entry" "Mozilla/5.0 (Windows NT 10.0; Win64; x64) AppleWebKit/537.36 (KHTML, like Gecko) Chrome/83.0.4089.0 Safari/537.36"
162.244.33.99 - - [02/Jun/2021:14:49:07 +0200] "GET /forum/oayhs.php?id=83c752-manifest-classpath-entry HTTP/1.1" 200 26270 "-" "Mozilla/5.0 (Windows NT 10.0; Win64; x64) AppleWebKit/537.36 (KHTML, like Gecko) Chrome/78.0.3904.108 Safari/537.36"
157.55.39.120 - - [02/Jun/2021:14:51:46 +0200] "GET /forum/oayhs.php?id=83c752-landtagswahl-baden-w%C3%BCrttemberg-2021-wahlkreise HTTP/1.1" 200 26331 "-" "Mozilla/5.0 (compatible; bingbot/2.0; +http://www.bing.com/bingbot.htm)"
157.55.39.120 - - [02/Jun/2021:14:52:30 +0200] "GET /forum/oayhs.php?id=83c752-james-bond-filme-liste HTTP/1.1" 200 30997 "-" "Mozilla/5.0 (compatible; bingbot/2.0; +http://www.bing.com/bingbot.htm)"
40.77.167.37 - - [02/Jun/2021:15:05:45 +0200] "GET /robots.txt HTTP/1.1" 200 307 "-" "Mozilla/5.0 (compatible; bingbot/2.0; +http://www.bing.com/bingbot.htm)"
157.55.39.53 - - [02/Jun/2021:15:05:46 +0200] "GET /forum/oayhs.php?id=83c752-dieweltenseglerin-instagram HTTP/1.1" 200 28254 "-" "Mozilla/5.0 (compatible; bingbot/2.0; +http://www.bing.com/bingbot.htm)"
157.55.39.120 - - [02/Jun/2021:15:07:09 +0200] "GET /forum/oayhs.php?id=83c752-rowan-atkinson-krank HTTP/1.1" 200 37205 "-" "Mozilla/5.0 (compatible; bingbot/2.0; +http://www.bing.com/bingbot.htm)"
40.77.167.36 - - [02/Jun/2021:15:19:03 +0200] "GET /forum/oayhs.php?id=83c752-regierungssysteme-im-vergleich HTTP/1.1" 200 35581 "-" "Mozilla/5.0 (compatible; bingbot/2.0; +http://www.bing.com/bingbot.htm)"
157.55.39.120 - - [02/Jun/2021:15:28:19 +0200] "GET /forum/oayhs.php?id=83c752-halt-auf-freier-strecke-dvd HTTP/1.1" 200 28014 "-" "Mozilla/5.0 (compatible; bingbot/2.0; +http://www.bing.com/bingbot.htm)"
40.77.167.107 - - [02/Jun/2021:15:28:23 +0200] "GET /forum/oayhs.php?id=83c752-liebe-des-lebens-verloren HTTP/1.1" 200 22384 "-" "Mozilla/5.0 (compatible; bingbot/2.0; +http://www.bing.com/bingbot.htm)"
40.77.167.36 - - [02/Jun/2021:15:36:54 +0200] "GET /forum/oayhs.php?id=83c752-otlile-mabuse-schwester HTTP/1.1" 200 20160 "-" "Mozilla/5.0 (compatible; bingbot/2.0; +http://www.bing.com/bingbot.htm)"
40.77.167.36 - - [02/Jun/2021:15:44:56 +0200] "GET /forum/oayhs.php?id=83c752-netflix-abmelden-pc HTTP/1.1" 200 27153 "-" "Mozilla/5.0 (compatible; bingbot/2.0; +http://www.bing.com/bingbot.htm)"
23.228.109.147 - - [02/Jun/2021:16:02:41 +0200] "GET /wp-content/uploads/2015/09/new_up.php HTTP/1.1" 500 3148 "http://www.google.com/" "Mozilla/5.0 (Windows NT 6.1; Win64; x64) AppleWebKit/537.36 (KHTML, like Gecko) Chrome/56.0.2896.3 Safari/537.36"
157.55.39.12 - - [02/Jun/2021:16:17:29 +0200] "GET /forum/oayhs.php?id=83c752-ich-sing-dir-mein-lied-text HTTP/1.1" 200 20811 "-" "Mozilla/5.0 (compatible; bingbot/2.0; +http://www.bing.com/bingbot.htm)"
157.55.39.120 - - [02/Jun/2021:16:20:01 +0200] "GET /forum/oayhs.php?id=83c752-schweizer-bobbahn-europa-park-unfall HTTP/1.1" 200 30755 "-" "Mozilla/5.0 (compatible; bingbot/2.0; +http://www.bing.com/bingbot.htm)"
157.55.39.12 - - [02/Jun/2021:16:23:59 +0200] "GET /forum/oayhs.php?id=83c752-anna-maria-zimmermann-arm HTTP/1.1" 200 27398 "-" "Mozilla/5.0 (compatible; bingbot/2.0; +http://www.bing.com/bingbot.htm)"
31.40.248.201 - - [02/Jun/2021:16:24:17 +0200] "GET /forum/oayhs.php?id=83c752-manifest-classpath-entry HTTP/1.0" 200 81443 "http://ferienwohnung-brienz.ch/forum/oayhs.php?id=83c752-manifest-classpath-entry" "Mozilla/5.0 (Windows NT 10.0; Win64; x64) AppleWebKit/537.36 (KHTML, like Gecko) Chrome/83.0.4103.61 Safari/537.36 Edg/83.0.478.37"
31.40.248.201 - - [02/Jun/2021:16:24:18 +0200] "POST /wp-comments-post.php HTTP/1.0" 500 3108 "http://ferienwohnung-brienz.ch/forum/oayhs.php?id=83c752-manifest-classpath-entry" "Mozilla/5.0 (Windows NT 10.0; Win64; x64) AppleWebKit/537.36 (KHTML, like Gecko) Chrome/83.0.4103.61 Safari/537.36 Edg/83.0.478.37"
162.244.33.25 - - [02/Jun/2021:16:24:36 +0200] "GET /forum/oayhs.php?id=83c752-manifest-classpath-entry HTTP/1.1" 200 26270 "-" "Mozilla/5.0 (Windows NT 10.0; Win64; x64) AppleWebKit/537.36 (KHTML, like Gecko) Chrome/78.0.3904.108 Safari/537.36"
157.55.39.120 - - [02/Jun/2021:16:29:04 +0200] "GET /forum/oayhs.php?id=83c752-maria-bedeutung HTTP/1.1" 200 28434 "-" "Mozilla/5.0 (compatible; bingbot/2.0; +http://www.bing.com/bingbot.htm)"
217.145.224.126 - - [02/Jun/2021:16:32:25 +0200] "GET /forum/oayhs.php?id=83c752-manifest-classpath-entry HTTP/1.0" 200 81443 "http://ferienwohnung-brienz.ch/forum/oayhs.php?id=83c752-manifest-classpath-entry" "Mozilla/5.0 (Windows NT 6.1; Win64; x64) AppleWebKit/537.36 (KHTML, like Gecko) Chrome/83.0.4093.3 Safari/537.36"
217.145.224.126 - - [02/Jun/2021:16:32:26 +0200] "POST /wp-comments-post.php HTTP/1.0" 500 3108 "http://ferienwohnung-brienz.ch/forum/oayhs.php?id=83c752-manifest-classpath-entry" "Mozilla/5.0 (Windows NT 6.1; Win64; x64) AppleWebKit/537.36 (KHTML, like Gecko) Chrome/83.0.4093.3 Safari/537.36"
162.244.33.25 - - [02/Jun/2021:16:32:43 +0200] "GET /forum/oayhs.php?id=83c752-manifest-classpath-entry HTTP/1.1" 200 26270 "-" "Mozilla/5.0 (Windows NT 10.0; Win64; x64) AppleWebKit/537.36 (KHTML, like Gecko) Chrome/78.0.3904.108 Safari/537.36"
102.128.141.47 - - [02/Jun/2021:16:33:23 +0200] "GET /forum/oayhs.php?id=83c752-sido-angelcamp HTTP/1.1" 200 25790 "http://ferienwohnung-brienz.ch" "Mozilla/5.0 (Windows NT 10.0; Win64; x64) AppleWebKit/537.36 (KHTML, like Gecko) Chrome/62.0.3202.94 Safari/537.36"
102.128.141.47 - - [02/Jun/2021:16:33:23 +0200] "POST /wp-comments-post.php HTTP/1.1" 500 3148 "http://ferienwohnung-brienz.ch" "Mozilla/5.0 (Windows NT 10.0; Win64; x64) AppleWebKit/537.36 (KHTML, like Gecko) Chrome/62.0.3202.94 Safari/537.36"
192.185.2.232 - - [02/Jun/2021:16:38:36 +0200] "POST /x7lopn4/kftrw HTTP/1.0" 200 342 "http://ferienwohnung-brienz.ch/x7lopn4/kftrw" "Mozilla/5.0 (Windows NT 10.0; Win64; x64) AppleWebKit/537.36 (KHTML, like Gecko) Chrome/89.0.4389.82 Safari/537.36"
193.93.192.207 - - [02/Jun/2021:16:40:16 +0200] "GET /forum/oayhs.php?id=83c752-manifest-classpath-entry HTTP/1.0" 200 81443 "http://ferienwohnung-brienz.ch/forum/oayhs.php?id=83c752-manifest-classpath-entry" "Mozilla/5.0 (Windows NT 10.0; Win64; x64) AppleWebKit/537.36 (KHTML, like Gecko) Chrome/83.0.4103.14 Safari/537.36"
193.93.192.207 - - [02/Jun/2021:16:40:17 +0200] "POST /wp-comments-post.php HTTP/1.0" 500 3108 "http://ferienwohnung-brienz.ch/forum/oayhs.php?id=83c752-manifest-classpath-entry" "Mozilla/5.0 (Windows NT 10.0; Win64; x64) AppleWebKit/537.36 (KHTML, like Gecko) Chrome/83.0.4103.14 Safari/537.36"
162.244.33.25 - - [02/Jun/2021:16:40:30 +0200] "GET /forum/oayhs.php?id=83c752-manifest-classpath-entry HTTP/1.1" 200 26270 "-" "Mozilla/5.0 (Windows NT 10.0; Win64; x64) AppleWebKit/537.36 (KHTML, like Gecko) Chrome/78.0.3904.108 Safari/537.36"
177.55.117.18 - - [02/Jun/2021:16:40:58 +0200] "POST /gdxqg/migudc HTTP/1.0" 200 343 "http://ferienwohnung-brienz.ch/gdxqg/migudc" "Mozilla/5.0 (Windows NT 6.1; rv:87.0) Gecko/20100101 Firefox/87.0"
20.51.218.87 - - [02/Jun/2021:16:41:38 +0200] "GET /forum/oayhs.php?id=83c752'A=0 HTTP/1.1" 200 17562 "http://ferienwohnung-brienz.ch/forum/oayhs.php?id=83c752'A=0" "Mozilla/5.0 (Windows; U; Windows NT 5.1; pt-PT; rv:1.9.1.2) Gecko/20090729 Firefox/3.5.2 (.NET CLR 3.5.30729)"
88.218.45.232 - - [02/Jun/2021:16:48:53 +0200] "GET /forum/oayhs.php?id=83c752-manifest-classpath-entry HTTP/1.0" 200 81443 "http://ferienwohnung-brienz.ch/forum/oayhs.php?id=83c752-manifest-classpath-entry" "Mozilla/5.0 (Windows NT 6.3; Win64; x64) AppleWebKit/537.36 (KHTML, like Gecko) Chrome/83.0.4103.61 Safari/537.36"
88.218.45.232 - - [02/Jun/2021:16:48:54 +0200] "POST /wp-comments-post.php HTTP/1.0" 500 3108 "http://ferienwohnung-brienz.ch/forum/oayhs.php?id=83c752-manifest-classpath-entry" "Mozilla/5.0 (Windows NT 6.3; Win64; x64) AppleWebKit/537.36 (KHTML, like Gecko) Chrome/83.0.4103.61 Safari/537.36"
162.244.33.25 - - [02/Jun/2021:16:49:13 +0200] "GET /forum/oayhs.php?id=83c752-manifest-classpath-entry HTTP/1.1" 200 26270 "-" "Mozilla/5.0 (Windows NT 10.0; Win64; x64) AppleWebKit/537.36 (KHTML, like Gecko) Chrome/78.0.3904.108 Safari/537.36"
157.55.39.89 - - [02/Jun/2021:16:53:05 +0200] "GET /forum/oayhs.php?id=83c752-merkur-media-shop HTTP/1.1" 200 19087 "-" "Mozilla/5.0 (compatible; bingbot/2.0; +http://www.bing.com/bingbot.htm)"
46.161.61.163 - - [02/Jun/2021:16:53:23 +0200] "GET /forum/oayhs.php?id=83c752-manifest-classpath-entry HTTP/1.0" 200 81443 "http://ferienwohnung-brienz.ch/forum/oayhs.php?id=83c752-manifest-classpath-entry" "Mozilla/5.0 (Windows NT 6.1; ) AppleWebKit/537.36 (KHTML, like Gecko) Chrome/83.0.4103.61 Safari/537.36"
46.161.61.163 - - [02/Jun/2021:16:53:24 +0200] "POST /wp-comments-post.php HTTP/1.0" 500 3108 "http://ferienwohnung-brienz.ch/forum/oayhs.php?id=83c752-manifest-classpath-entry" "Mozilla/5.0 (Windows NT 6.1; ) AppleWebKit/537.36 (KHTML, like Gecko) Chrome/83.0.4103.61 Safari/537.36"
162.244.33.99 - - [02/Jun/2021:16:53:43 +0200] "GET /forum/oayhs.php?id=83c752-manifest-classpath-entry HTTP/1.1" 200 26270 "-" "Mozilla/5.0 (Windows NT 10.0; Win64; x64) AppleWebKit/537.36 (KHTML, like Gecko) Chrome/78.0.3904.108 Safari/537.36"
45.80.105.40 - - [02/Jun/2021:16:56:18 +0200] "GET /forum/oayhs.php?id=83c752-manifest-classpath-entry HTTP/1.0" 200 81443 "http://ferienwohnung-brienz.ch/forum/oayhs.php?id=83c752-manifest-classpath-entry" "Mozilla/5.0 (Windows NT 6.1; Win64; x64) AppleWebKit/537.36 (KHTML, like Gecko) Chrome/83.0.4103.24 Safari/537.36 Edg/83.0.478.18"
45.80.105.40 - - [02/Jun/2021:16:56:22 +0200] "POST /wp-comments-post.php HTTP/1.0" 500 3108 "http://ferienwohnung-brienz.ch/forum/oayhs.php?id=83c752-manifest-classpath-entry" "Mozilla/5.0 (Windows NT 6.1; Win64; x64) AppleWebKit/537.36 (KHTML, like Gecko) Chrome/83.0.4103.24 Safari/537.36 Edg/83.0.478.18"
162.244.33.25 - - [02/Jun/2021:16:56:43 +0200] "GET /forum/oayhs.php?id=83c752-manifest-classpath-entry HTTP/1.1" 200 26270 "-" "Mozilla/5.0 (Windows NT 10.0; Win64; x64) AppleWebKit/537.36 (KHTML, like Gecko) Chrome/78.0.3904.108 Safari/537.36"
193.93.192.102 - - [02/Jun/2021:17:01:22 +0200] "GET /forum/oayhs.php?id=83c752-manifest-classpath-entry HTTP/1.0" 200 81443 "http://ferienwohnung-brienz.ch/forum/oayhs.php?id=83c752-manifest-classpath-entry" "Mozilla/5.0 (Windows NT 10.0; Win64; x64) AppleWebKit/537.36 (KHTML, like Gecko) Chrome/83.0.4103.44 Safari/537.36 OPR/69.0.3686.7 (Edition beta)"
193.93.192.102 - - [02/Jun/2021:17:01:23 +0200] "POST /wp-comments-post.php HTTP/1.0" 500 3108 "http://ferienwohnung-brienz.ch/forum/oayhs.php?id=83c752-manifest-classpath-entry" "Mozilla/5.0 (Windows NT 10.0; Win64; x64) AppleWebKit/537.36 (KHTML, like Gecko) Chrome/83.0.4103.44 Safari/537.36 OPR/69.0.3686.7 (Edition beta)"
162.244.33.99 - - [02/Jun/2021:17:01:44 +0200] "GET /forum/oayhs.php?id=83c752-manifest-classpath-entry HTTP/1.1" 200 26270 "-" "Mozilla/5.0 (Windows NT 10.0; Win64; x64) AppleWebKit/537.36 (KHTML, like Gecko) Chrome/78.0.3904.108 Safari/537.36"
193.93.192.207 - - [02/Jun/2021:17:04:40 +0200] "GET /forum/oayhs.php?id=83c752-manifest-classpath-entry HTTP/1.0" 200 81443 "http://ferienwohnung-brienz.ch/forum/oayhs.php?id=83c752-manifest-classpath-entry" "Mozilla/5.0 (Windows NT 6.3; ) AppleWebKit/537.36 (KHTML, like Gecko) Chrome/83.0.4103.61 Safari/537.36"
162.244.33.25 - - [02/Jun/2021:17:05:21 +0200] "GET /forum/oayhs.php?id=83c752-manifest-classpath-entry HTTP/1.1" 200 26270 "-" "Mozilla/5.0 (Windows NT 10.0; Win64; x64) AppleWebKit/537.36 (KHTML, like Gecko) Chrome/78.0.3904.108 Safari/537.36"
157.55.39.53 - - [02/Jun/2021:17:08:08 +0200] "GET /forum/oayhs.php?id=83c752-mit-wem-ist-sarah-lombardi-zusammen HTTP/1.1" 200 22602 "-" "Mozilla/5.0 (compatible; bingbot/2.0; +http://www.bing.com/bingbot.htm)"
92.118.77.10 - - [02/Jun/2021:17:09:17 +0200] "GET / HTTP/1.1" 500 3148 "-" "Mozilla/5.0 (Windows NT 10.0; Win64; x64) AppleWebKit/537.36 (KHTML, like Gecko) Chrome/89.0.4389.114 Safari/537.36"
157.55.39.55 - - [02/Jun/2021:17:14:25 +0200] "GET /forum/oayhs.php?id=83c752-oonagh-g%C3%A4a-sprache HTTP/1.1" 200 22457 "-" "Mozilla/5.0 (compatible; bingbot/2.0; +http://www.bing.com/bingbot.htm)"
157.55.39.120 - - [02/Jun/2021:17:22:30 +0200] "GET /forum/oayhs.php?id=83c752-j%C3%BCngste-stadt-der-welt HTTP/1.1" 200 23826 "-" "Mozilla/5.0 (compatible; bingbot/2.0; +http://www.bing.com/bingbot.htm)"
157.55.39.55 - - [02/Jun/2021:17:36:20 +0200] "GET /forum/oayhs.php?id=83c752-trump-biden-umfragewerte-aktuell HTTP/1.1" 200 30106 "-" "Mozilla/5.0 (compatible; bingbot/2.0; +http://www.bing.com/bingbot.htm)"
114.119.138.74 - - [02/Jun/2021:17:36:59 +0200] "GET /wohnung/datenschutzerklaerung HTTP/1.1" 500 3148 "-" "Mozilla/5.0 (Linux; Android 7.0;) AppleWebKit/537.36 (KHTML, like Gecko) Mobile Safari/537.36 (compatible; PetalBot;+https://webmaster.petalsearch.com/site/petalbot)"
54.236.1.13 - - [02/Jun/2021:17:41:02 +0200] "GET /robots.txt HTTP/1.1" 200 307 "-" "Mozilla/5.0 (compatible; Pinterestbot/1.0; +http://www.pinterest.com/bot.html)"
54.236.1.13 - - [02/Jun/2021:17:41:02 +0200] "GET / HTTP/1.1" 500 3122 "-" "Mozilla/5.0 (compatible; Pinterestbot/1.0; +http://www.pinterest.com/bot.html)"
