157.55.39.81 - - [03/Jun/2021:00:15:12 +0200] "GET /forum/oayhs.php?id=83c752-iron-man-zeichnen HTTP/1.1" 200 27914 "-" "Mozilla/5.0 (compatible; bingbot/2.0; +http://www.bing.com/bingbot.htm)"
157.55.39.43 - - [03/Jun/2021:00:15:27 +0200] "GET /forum/oayhs.php?id=83c752-sophia-vegas%3A-baby-nr-2 HTTP/1.1" 200 28775 "-" "Mozilla/5.0 (compatible; bingbot/2.0; +http://www.bing.com/bingbot.htm)"
157.55.39.89 - - [03/Jun/2021:00:36:33 +0200] "GET /forum/oayhs.php?id=83c752-andrea-berg-wien-2020-zuschauer HTTP/1.1" 200 14234 "-" "Mozilla/5.0 (compatible; bingbot/2.0; +http://www.bing.com/bingbot.htm)"
157.55.39.12 - - [03/Jun/2021:00:41:16 +0200] "GET /forum/oayhs.php?id=83c752-und-du-drehst-dich-in-deiner-kleinen-welt HTTP/1.1" 200 30388 "-" "Mozilla/5.0 (compatible; bingbot/2.0; +http://www.bing.com/bingbot.htm)"
157.55.39.89 - - [03/Jun/2021:00:44:24 +0200] "GET /forum/oayhs.php?id=83c752-hexen-hexen-zusammenfassung HTTP/1.1" 200 26006 "-" "Mozilla/5.0 (compatible; bingbot/2.0; +http://www.bing.com/bingbot.htm)"
40.77.167.36 - - [03/Jun/2021:00:47:09 +0200] "GET /forum/oayhs.php?id=83c752-toxic-meaning-deutsch HTTP/1.1" 200 23955 "-" "Mozilla/5.0 (compatible; bingbot/2.0; +http://www.bing.com/bingbot.htm)"
40.77.167.36 - - [03/Jun/2021:00:54:28 +0200] "GET /forum/oayhs.php?id=83c752-jodel-s%C3%A4ngerin HTTP/1.1" 200 23172 "-" "Mozilla/5.0 (compatible; bingbot/2.0; +http://www.bing.com/bingbot.htm)"
157.55.39.89 - - [03/Jun/2021:01:12:17 +0200] "GET /forum/oayhs.php?id=83c752-spectre-drehorte-meteoritenkrater HTTP/1.1" 200 26779 "-" "Mozilla/5.0 (compatible; bingbot/2.0; +http://www.bing.com/bingbot.htm)"
40.77.167.36 - - [03/Jun/2021:01:23:32 +0200] "GET /forum/oayhs.php?id=83c752-wer-wird-der-neue-pr%C3%A4sident-in-den-usa HTTP/1.1" 200 30617 "-" "Mozilla/5.0 (compatible; bingbot/2.0; +http://www.bing.com/bingbot.htm)"
157.55.39.81 - - [03/Jun/2021:01:26:46 +0200] "GET /forum/oayhs.php?id=83c752-becoming-michelle-obama HTTP/1.1" 200 31834 "-" "Mozilla/5.0 (compatible; bingbot/2.0; +http://www.bing.com/bingbot.htm)"
157.55.39.81 - - [03/Jun/2021:01:30:43 +0200] "GET /forum/oayhs.php?id=83c752-erlebnispark-brandenburg HTTP/1.1" 200 27690 "-" "Mozilla/5.0 (compatible; bingbot/2.0; +http://www.bing.com/bingbot.htm)"
157.55.39.81 - - [03/Jun/2021:01:33:05 +0200] "GET /forum/oayhs.php?id=83c752-fantastic-movie-netflix HTTP/1.1" 200 29005 "-" "Mozilla/5.0 (compatible; bingbot/2.0; +http://www.bing.com/bingbot.htm)"
157.55.39.55 - - [03/Jun/2021:01:34:33 +0200] "GET /forum/oayhs.php?id=83c752-interstellar-erkl%C3%A4rung HTTP/1.1" 200 30526 "-" "Mozilla/5.0 (compatible; bingbot/2.0; +http://www.bing.com/bingbot.htm)"
194.87.112.238 - - [03/Jun/2021:01:36:43 +0200] "GET /forum/oayhs.php?id=83c752-manifest-classpath-entry HTTP/1.0" 200 81443 "http://ferienwohnung-brienz.ch/forum/oayhs.php?id=83c752-manifest-classpath-entry" "Mozilla/5.0 (Windows NT 10.0; Win64; x64) AppleWebKit/537.36 (KHTML, like Gecko) Chrome/83.0.4103.34 Safari/537.36 Edg/83.0.478.25"
194.87.112.238 - - [03/Jun/2021:01:36:47 +0200] "POST /wp-comments-post.php HTTP/1.0" 500 3108 "http://ferienwohnung-brienz.ch/forum/oayhs.php?id=83c752-manifest-classpath-entry" "Mozilla/5.0 (Windows NT 10.0; Win64; x64) AppleWebKit/537.36 (KHTML, like Gecko) Chrome/83.0.4103.34 Safari/537.36 Edg/83.0.478.25"
162.244.33.25 - - [03/Jun/2021:01:37:11 +0200] "GET /forum/oayhs.php?id=83c752-manifest-classpath-entry HTTP/1.1" 200 26270 "-" "Mozilla/5.0 (Windows NT 10.0; Win64; x64) AppleWebKit/537.36 (KHTML, like Gecko) Chrome/78.0.3904.108 Safari/537.36"
31.40.248.49 - - [03/Jun/2021:01:44:44 +0200] "GET /forum/oayhs.php?id=83c752-manifest-classpath-entry HTTP/1.0" 200 81443 "http://ferienwohnung-brienz.ch/forum/oayhs.php?id=83c752-manifest-classpath-entry" "Mozilla/5.0 (Windows NT 6.1; ) AppleWebKit/537.36 (KHTML, like Gecko) Chrome/83.0.4103.61 Safari/537.36"
173.252.95.15 - - [03/Jun/2021:01:49:35 +0200] "GET /wp-content/uploads/2020/09/P1040017_2-1024x683.jpg HTTP/1.1" 200 256808 "-" "facebookexternalhit/1.1 (+http://www.facebook.com/externalhit_uatext.php)"
88.218.47.132 - - [03/Jun/2021:01:52:34 +0200] "GET /forum/oayhs.php?id=83c752-manifest-classpath-entry HTTP/1.0" 200 81443 "http://ferienwohnung-brienz.ch/forum/oayhs.php?id=83c752-manifest-classpath-entry" "Mozilla/5.0 (Windows NT 10.0; Win64; x64) AppleWebKit/537.36 (KHTML, like Gecko) Chrome/83.0.4103.61 Safari/537.36/iYA9HebN-7"
88.218.47.132 - - [03/Jun/2021:01:52:35 +0200] "POST /wp-comments-post.php HTTP/1.0" 500 3108 "http://ferienwohnung-brienz.ch/forum/oayhs.php?id=83c752-manifest-classpath-entry" "Mozilla/5.0 (Windows NT 10.0; Win64; x64) AppleWebKit/537.36 (KHTML, like Gecko) Chrome/83.0.4103.61 Safari/537.36/iYA9HebN-7"
162.244.33.25 - - [03/Jun/2021:01:52:48 +0200] "GET /forum/oayhs.php?id=83c752-manifest-classpath-entry HTTP/1.1" 200 26270 "-" "Mozilla/5.0 (Windows NT 10.0; Win64; x64) AppleWebKit/537.36 (KHTML, like Gecko) Chrome/78.0.3904.108 Safari/537.36"
193.93.195.149 - - [03/Jun/2021:02:00:53 +0200] "GET /forum/oayhs.php?id=83c752-manifest-classpath-entry HTTP/1.0" 200 81443 "http://ferienwohnung-brienz.ch/forum/oayhs.php?id=83c752-manifest-classpath-entry" "Mozilla/5.0 (Windows NT 6.3; ) AppleWebKit/537.36 (KHTML, like Gecko) Chrome/83.0.4103.61 Safari/537.36"
193.93.195.149 - - [03/Jun/2021:02:00:54 +0200] "POST /wp-comments-post.php HTTP/1.0" 500 3108 "http://ferienwohnung-brienz.ch/forum/oayhs.php?id=83c752-manifest-classpath-entry" "Mozilla/5.0 (Windows NT 6.3; ) AppleWebKit/537.36 (KHTML, like Gecko) Chrome/83.0.4103.61 Safari/537.36"
162.244.33.25 - - [03/Jun/2021:02:01:13 +0200] "GET /forum/oayhs.php?id=83c752-manifest-classpath-entry HTTP/1.1" 200 26270 "-" "Mozilla/5.0 (Windows NT 10.0; Win64; x64) AppleWebKit/537.36 (KHTML, like Gecko) Chrome/78.0.3904.108 Safari/537.36"
207.46.13.26 - - [03/Jun/2021:02:05:57 +0200] "GET /forum/oayhs.php?id=83c752-zelldetritus-tonsillen HTTP/1.1" 200 31876 "-" "Mozilla/5.0 (compatible; bingbot/2.0; +http://www.bing.com/bingbot.htm)"
62.76.234.226 - - [03/Jun/2021:02:08:42 +0200] "GET /forum/oayhs.php?id=83c752-manifest-classpath-entry HTTP/1.0" 200 81443 "http://ferienwohnung-brienz.ch/forum/oayhs.php?id=83c752-manifest-classpath-entry" "Mozilla/5.0 (Windows NT 6.1; WOW64) AppleWebKit/537.36 (KHTML, like Gecko) Chrome/83.0.4103.61 Safari/537.36"
62.76.234.226 - - [03/Jun/2021:02:08:51 +0200] "POST /wp-comments-post.php HTTP/1.0" 500 3108 "http://ferienwohnung-brienz.ch/forum/oayhs.php?id=83c752-manifest-classpath-entry" "Mozilla/5.0 (Windows NT 6.1; WOW64) AppleWebKit/537.36 (KHTML, like Gecko) Chrome/83.0.4103.61 Safari/537.36"
162.244.33.25 - - [03/Jun/2021:02:09:08 +0200] "GET /forum/oayhs.php?id=83c752-manifest-classpath-entry HTTP/1.1" 200 26270 "-" "Mozilla/5.0 (Windows NT 10.0; Win64; x64) AppleWebKit/537.36 (KHTML, like Gecko) Chrome/78.0.3904.108 Safari/537.36"
185.68.184.225 - - [03/Jun/2021:02:16:39 +0200] "GET /forum/oayhs.php?id=83c752-manifest-classpath-entry HTTP/1.0" 200 81443 "http://ferienwohnung-brienz.ch/forum/oayhs.php?id=83c752-manifest-classpath-entry" "Mozilla/5.0 (Windows NT 10.0; Win64; x64) AppleWebKit/537.36 (KHTML, like Gecko) Chrome/83.0.4103.44 Safari/537.36 OPR/69.0.3686.7 (Edition beta)"
185.68.184.225 - - [03/Jun/2021:02:16:40 +0200] "POST /wp-comments-post.php HTTP/1.0" 500 3108 "http://ferienwohnung-brienz.ch/forum/oayhs.php?id=83c752-manifest-classpath-entry" "Mozilla/5.0 (Windows NT 10.0; Win64; x64) AppleWebKit/537.36 (KHTML, like Gecko) Chrome/83.0.4103.44 Safari/537.36 OPR/69.0.3686.7 (Edition beta)"
162.244.33.25 - - [03/Jun/2021:02:16:53 +0200] "GET /forum/oayhs.php?id=83c752-manifest-classpath-entry HTTP/1.1" 200 26270 "-" "Mozilla/5.0 (Windows NT 10.0; Win64; x64) AppleWebKit/537.36 (KHTML, like Gecko) Chrome/78.0.3904.108 Safari/537.36"
157.55.39.88 - - [03/Jun/2021:02:34:09 +0200] "GET /forum/oayhs.php?id=83c752-vanessa-mai-haus HTTP/1.1" 200 23643 "-" "Mozilla/5.0 (compatible; bingbot/2.0; +http://www.bing.com/bingbot.htm)"
114.119.132.70 - - [03/Jun/2021:02:34:46 +0200] "GET /lage/impressum HTTP/1.1" 500 3148 "-" "Mozilla/5.0 (Linux; Android 7.0;) AppleWebKit/537.36 (KHTML, like Gecko) Mobile Safari/537.36 (compatible; PetalBot;+https://webmaster.petalsearch.com/site/petalbot)"
40.77.167.36 - - [03/Jun/2021:02:38:38 +0200] "GET /wp-content/gallery/wohnung-haus/SMF_6901.jpg HTTP/1.1" 200 1425282 "-" "Mozilla/5.0 (compatible; bingbot/2.0; +http://www.bing.com/bingbot.htm)"
40.77.167.36 - - [03/Jun/2021:02:39:19 +0200] "GET /forum/oayhs.php?id=83c752-chabos-wissen-wer-der-babo-ist-bedeutung HTTP/1.1" 200 35071 "-" "Mozilla/5.0 (compatible; bingbot/2.0; +http://www.bing.com/bingbot.htm)"
40.77.167.36 - - [03/Jun/2021:02:44:01 +0200] "GET /forum/oayhs.php?id=83c752-berliner-philharmoniker HTTP/1.1" 200 28533 "-" "Mozilla/5.0 (compatible; bingbot/2.0; +http://www.bing.com/bingbot.htm)"
157.55.39.43 - - [03/Jun/2021:02:58:17 +0200] "GET /forum/oayhs.php?id=83c752-www-wdrmaus-de-filme-sachgeschichten-regenbogen-php5 HTTP/1.1" 200 23713 "-" "Mozilla/5.0 (compatible; bingbot/2.0; +http://www.bing.com/bingbot.htm)"
40.77.167.107 - - [03/Jun/2021:03:04:32 +0200] "GET /forum/oayhs.php?id=83c752-inception-stream-netflix HTTP/1.1" 200 30888 "-" "Mozilla/5.0 (compatible; bingbot/2.0; +http://www.bing.com/bingbot.htm)"
157.55.39.43 - - [03/Jun/2021:03:24:18 +0200] "GET /forum/oayhs.php?id=83c752-genau-so-cro-lyrics HTTP/1.1" 200 22295 "-" "Mozilla/5.0 (compatible; bingbot/2.0; +http://www.bing.com/bingbot.htm)"
40.77.167.36 - - [03/Jun/2021:03:31:34 +0200] "GET /forum/oayhs.php?id=83c752-lego-iron-man-hulkbuster HTTP/1.1" 200 26258 "-" "Mozilla/5.0 (compatible; bingbot/2.0; +http://www.bing.com/bingbot.htm)"
157.55.39.89 - - [03/Jun/2021:03:40:14 +0200] "GET /forum/oayhs.php?id=83c752-war-oder-wahr-ilern HTTP/1.1" 200 13620 "-" "Mozilla/5.0 (compatible; bingbot/2.0; +http://www.bing.com/bingbot.htm)"
74.222.2.134 - - [03/Jun/2021:03:43:15 +0200] "POST /wp-content/uploads/2020/09/awxrefms.php HTTP/1.0" 200 347 "http://ferienwohnung-brienz.ch/wp-content/uploads/2020/09/awxrefms.php" "Mozilla/5.0 (Linux; Android 11; SM-G975U) AppleWebKit/537.36 (KHTML, like Gecko) Chrome/89.0.4389.105 Mobile Safari/537.36"
157.55.39.55 - - [03/Jun/2021:03:43:40 +0200] "GET /forum/oayhs.php?id=83c752-spinne-mit-fl%C3%BCgeln-entdeckt HTTP/1.1" 200 28855 "-" "Mozilla/5.0 (compatible; bingbot/2.0; +http://www.bing.com/bingbot.htm)"
40.77.167.36 - - [03/Jun/2021:03:43:57 +0200] "GET /forum/oayhs.php?id=83c752-bmw-z8-st%C3%BCckzahl HTTP/1.1" 200 34884 "-" "Mozilla/5.0 (compatible; bingbot/2.0; +http://www.bing.com/bingbot.htm)"
73.239.13.144 - - [03/Jun/2021:03:47:31 +0200] "GET /xr7lk8/mass-effect-legendary-edition-pc-key HTTP/1.1" 200 19478 "-" "Mozilla/5.0 (Windows NT 10.0; Win64; x64) AppleWebKit/537.36 (KHTML, like Gecko) Chrome/91.0.4472.77 Safari/537.36"
198.54.121.131 - - [03/Jun/2021:03:49:28 +0200] "GET /wp-admin/admin-ajax.php?action=duplicator_download&file=../index.php HTTP/1.1" 500 525 "-" "Chrome"
198.54.121.131 - - [03/Jun/2021:03:49:28 +0200] "GET /wp-admin/admin-ajax.php?action=duplicator_download&file=../wp-config.php HTTP/1.1" 500 525 "-" "Chrome"
40.77.167.107 - - [03/Jun/2021:03:53:00 +0200] "GET /forum/oayhs.php?id=83c752-vanessa-mai-quickstep HTTP/1.1" 200 23389 "-" "Mozilla/5.0 (compatible; bingbot/2.0; +http://www.bing.com/bingbot.htm)"
157.55.39.89 - - [03/Jun/2021:03:56:25 +0200] "GET /forum/oayhs.php?id=83c752-charlie-und-die-schokoladenfabrik-blaubeere HTTP/1.1" 200 29751 "-" "Mozilla/5.0 (compatible; bingbot/2.0; +http://www.bing.com/bingbot.htm)"
157.55.39.43 - - [03/Jun/2021:03:58:18 +0200] "GET /forum/oayhs.php?id=83c752-kalorien-chop-suey-ohne-reis HTTP/1.1" 200 30581 "-" "Mozilla/5.0 (compatible; bingbot/2.0; +http://www.bing.com/bingbot.htm)"
92.118.77.10 - - [03/Jun/2021:03:58:42 +0200] "GET / HTTP/1.1" 500 3148 "-" "Mozilla/5.0 (Windows NT 10.0; Win64; x64) AppleWebKit/537.36 (KHTML, like Gecko) Chrome/89.0.4389.114 Safari/537.36"
40.77.167.107 - - [03/Jun/2021:04:18:42 +0200] "GET /forum/oayhs.php?id=83c752-hjc-rpha-11-rot HTTP/1.1" 200 29317 "-" "Mozilla/5.0 (compatible; bingbot/2.0; +http://www.bing.com/bingbot.htm)"
23.228.109.147 - - [03/Jun/2021:04:21:52 +0200] "GET /wp-content/uploads/2015/10/new_up.php HTTP/1.1" 500 3148 "http://www.google.com/" "Mozilla/5.0 (Windows NT 6.1; Win64; x64) AppleWebKit/537.36 (KHTML, like Gecko) Chrome/56.0.2896.3 Safari/537.36"
157.55.39.55 - - [03/Jun/2021:04:23:28 +0200] "GET /gdxqg/sitemap.xml HTTP/1.1" 200 73433 "-" "Mozilla/5.0 (compatible; bingbot/2.0; +http://www.bing.com/bingbot.htm)"
157.55.39.120 - - [03/Jun/2021:04:36:09 +0200] "GET /forum/oayhs.php?id=83c752-inception-wiki HTTP/1.1" 200 20258 "-" "Mozilla/5.0 (compatible; bingbot/2.0; +http://www.bing.com/bingbot.htm)"
40.77.167.107 - - [03/Jun/2021:04:39:18 +0200] "GET /forum/oayhs.php?id=83c752-schlager-neuvorstellungen HTTP/1.1" 200 29427 "-" "Mozilla/5.0 (compatible; bingbot/2.0; +http://www.bing.com/bingbot.htm)"
157.55.39.120 - - [03/Jun/2021:04:48:50 +0200] "GET /forum/oayhs.php?id=83c752-hatte-helene-fischer-einen-nummer-1-hit-in-deutschland HTTP/1.1" 200 28520 "-" "Mozilla/5.0 (compatible; bingbot/2.0; +http://www.bing.com/bingbot.htm)"
157.55.39.12 - - [03/Jun/2021:04:50:49 +0200] "GET /forum/oayhs.php?id=83c752-der-san%C3%A9-song HTTP/1.1" 200 32303 "-" "Mozilla/5.0 (compatible; bingbot/2.0; +http://www.bing.com/bingbot.htm)"
104.140.83.64 - - [03/Jun/2021:05:12:24 +0200] "GET / HTTP/1.0" 500 3108 "-" "Mozilla/5.0 (Windows NT 6.1; WOW64; rv:60.0) Gecko/20100101 Firefox/60.0,gzip(gfe)"
40.77.167.107 - - [03/Jun/2021:05:14:14 +0200] "GET /forum/oayhs.php?id=83c752-divi-theme-beispiele HTTP/1.1" 200 38791 "-" "Mozilla/5.0 (compatible; bingbot/2.0; +http://www.bing.com/bingbot.htm)"
157.55.39.43 - - [03/Jun/2021:05:20:56 +0200] "GET /forum/oayhs.php?id=83c752-ich-kenne-nicht-lyrics HTTP/1.1" 200 25836 "-" "Mozilla/5.0 (compatible; bingbot/2.0; +http://www.bing.com/bingbot.htm)"
157.55.39.55 - - [03/Jun/2021:05:21:14 +0200] "GET /forum/oayhs.php?id=83c752-he%27s-a-pirate-piano-notes-pdf HTTP/1.1" 200 17288 "-" "Mozilla/5.0 (compatible; bingbot/2.0; +http://www.bing.com/bingbot.htm)"
62.210.92.175 - - [03/Jun/2021:05:35:07 +0200] "GET / HTTP/1.1" 500 3148 "-" "Mozilla/5.0 (Windows NT 10.0; Win64; x64) AppleWebKit/537.36 (KHTML, like Gecko) Chrome/74.0.3729.157 Safari/537.36"
157.55.39.12 - - [03/Jun/2021:05:41:28 +0200] "GET /forum/oayhs.php?id=83c752-alice-im-wunderland-2-fsk HTTP/1.1" 200 12828 "-" "Mozilla/5.0 (compatible; bingbot/2.0; +http://www.bing.com/bingbot.htm)"
114.119.136.11 - - [03/Jun/2021:05:47:04 +0200] "GET /robots.txt HTTP/1.1" 200 307 "-" "Mozilla/5.0 (compatible;PetalBot;+https://webmaster.petalsearch.com/site/petalbot)"
207.46.13.26 - - [03/Jun/2021:05:49:19 +0200] "GET /forum/oayhs.php?id=83c752-andrea-berg-partner HTTP/1.1" 200 31010 "-" "Mozilla/5.0 (compatible; bingbot/2.0; +http://www.bing.com/bingbot.htm)"
157.55.39.43 - - [03/Jun/2021:05:53:03 +0200] "GET /forum/oayhs.php?id=83c752-mendocino-text-englisch HTTP/1.1" 200 39032 "-" "Mozilla/5.0 (compatible; bingbot/2.0; +http://www.bing.com/bingbot.htm)"
157.55.39.120 - - [03/Jun/2021:05:54:02 +0200] "GET /forum/oayhs.php?id=83c752-captain-future-neuauflage HTTP/1.1" 200 23226 "-" "Mozilla/5.0 (compatible; bingbot/2.0; +http://www.bing.com/bingbot.htm)"
157.55.39.89 - - [03/Jun/2021:05:55:40 +0200] "GET /wp-content/gallery/wohnung-haus/SMF_7039.jpg HTTP/1.1" 200 1386092 "-" "Mozilla/5.0 (compatible; bingbot/2.0; +http://www.bing.com/bingbot.htm)"
114.119.156.23 - - [03/Jun/2021:06:03:16 +0200] "GET /kalender/datenschutzerklaerung HTTP/1.1" 500 3148 "-" "Mozilla/5.0 (Linux; Android 7.0;) AppleWebKit/537.36 (KHTML, like Gecko) Mobile Safari/537.36 (compatible; PetalBot;+https://webmaster.petalsearch.com/site/petalbot)"
157.55.39.81 - - [03/Jun/2021:06:11:37 +0200] "GET /forum/oayhs.php?id=83c752-der-erste-james-bond-film HTTP/1.1" 200 25837 "-" "Mozilla/5.0 (compatible; bingbot/2.0; +http://www.bing.com/bingbot.htm)"
114.119.156.23 - - [03/Jun/2021:06:19:07 +0200] "GET /en/location/ HTTP/1.1" 500 3148 "-" "Mozilla/5.0 (Linux; Android 7.0;) AppleWebKit/537.36 (KHTML, like Gecko) Mobile Safari/537.36 (compatible; PetalBot;+https://webmaster.petalsearch.com/site/petalbot)"
157.55.39.55 - - [03/Jun/2021:06:33:53 +0200] "GET /forum/oayhs.php?id=83c752-achterbahn-taron-phantasialand HTTP/1.1" 200 26222 "-" "Mozilla/5.0 (compatible; bingbot/2.0; +http://www.bing.com/bingbot.htm)"
157.55.39.120 - - [03/Jun/2021:06:44:10 +0200] "GET /forum/oayhs.php?id=83c752-someone-like-you-piano-chords HTTP/1.1" 200 21496 "-" "Mozilla/5.0 (compatible; bingbot/2.0; +http://www.bing.com/bingbot.htm)"
178.38.155.125 - - [03/Jun/2021:06:47:20 +0200] "GET / HTTP/1.1" 500 3148 "https://www.google.com/" "Mozilla/5.0 (Linux; Android 9; SM-G950F) AppleWebKit/537.36 (KHTML, like Gecko) Chrome/90.0.4430.210 Mobile Safari/537.36"
178.38.155.125 - - [03/Jun/2021:06:47:23 +0200] "GET /wp-content/themes/sydney/css/bootstrap/bootstrap.min.css?ver=1 HTTP/1.1" 200 4749 "-" "Mozilla/5.0 (Linux; Android 9; SM-G950F) AppleWebKit/537.36 (KHTML, like Gecko) Chrome/90.0.4430.210 Mobile Safari/537.36"
178.38.155.125 - - [03/Jun/2021:06:47:23 +0200] "GET /wp-includes/css/dist/block-library/style.min.css?ver=5.6.4 HTTP/1.1" 200 8197 "-" "Mozilla/5.0 (Linux; Android 9; SM-G950F) AppleWebKit/537.36 (KHTML, like Gecko) Chrome/90.0.4430.210 Mobile Safari/537.36"
178.38.155.125 - - [03/Jun/2021:06:47:23 +0200] "GET /wp-content/plugins/contact-form-7/includes/css/styles.css?ver=5.3 HTTP/1.1" 200 1076 "-" "Mozilla/5.0 (Linux; Android 9; SM-G950F) AppleWebKit/537.36 (KHTML, like Gecko) Chrome/90.0.4430.210 Mobile Safari/537.36"
178.38.155.125 - - [03/Jun/2021:06:47:23 +0200] "GET /wp-includes/css/dashicons.min.css?ver=5.6.4 HTTP/1.1" 200 36052 "-" "Mozilla/5.0 (Linux; Android 9; SM-G950F) AppleWebKit/537.36 (KHTML, like Gecko) Chrome/90.0.4430.210 Mobile Safari/537.36"
178.38.155.125 - - [03/Jun/2021:06:47:23 +0200] "GET /wp-content/plugins/dsgvo-all-in-one-for-wp/assets/css/plugin.css?ver=5.6.4 HTTP/1.1" 200 4445 "-" "Mozilla/5.0 (Linux; Android 9; SM-G950F) AppleWebKit/537.36 (KHTML, like Gecko) Chrome/90.0.4430.210 Mobile Safari/537.36"
178.38.155.125 - - [03/Jun/2021:06:47:23 +0200] "GET /wp-content/plugins/wp-booking-system-premium/assets/css/style-front-end.min.css?ver=5.5.13 HTTP/1.1" 200 3409 "-" "Mozilla/5.0 (Linux; Android 9; SM-G950F) AppleWebKit/537.36 (KHTML, like Gecko) Chrome/90.0.4430.210 Mobile Safari/537.36"
178.38.155.125 - - [03/Jun/2021:06:47:23 +0200] "GET /wp-content/themes/sydney/style.css?ver=5.6.4 HTTP/1.1" 200 15129 "-" "Mozilla/5.0 (Linux; Android 9; SM-G950F) AppleWebKit/537.36 (KHTML, like Gecko) Chrome/90.0.4430.210 Mobile Safari/537.36"
178.38.155.125 - - [03/Jun/2021:06:47:23 +0200] "GET /wp-content/themes/sydney-child/style.css?ver=5.6.4 HTTP/1.1" 200 873 "-" "Mozilla/5.0 (Linux; Android 9; SM-G950F) AppleWebKit/537.36 (KHTML, like Gecko) Chrome/90.0.4430.210 Mobile Safari/537.36"
178.38.155.125 - - [03/Jun/2021:06:47:23 +0200] "GET /wp-content/themes/sydney-child/style.css?ver=20200129 HTTP/1.1" 200 873 "-" "Mozilla/5.0 (Linux; Android 9; SM-G950F) AppleWebKit/537.36 (KHTML, like Gecko) Chrome/90.0.4430.210 Mobile Safari/537.36"
178.38.155.125 - - [03/Jun/2021:06:47:23 +0200] "GET /favicon.ico HTTP/1.1" 200 7643 "http://ferienwohnung-brienz.ch/" "Mozilla/5.0 (Linux; Android 9; SM-G950F) AppleWebKit/537.36 (KHTML, like Gecko) Chrome/90.0.4430.210 Mobile Safari/537.36"
178.38.155.125 - - [03/Jun/2021:06:47:30 +0200] "GET / HTTP/1.1" 500 3148 "https://www.google.com/" "Mozilla/5.0 (Linux; Android 9; SM-G950F) AppleWebKit/537.36 (KHTML, like Gecko) Chrome/90.0.4430.210 Mobile Safari/537.36"
178.38.155.125 - - [03/Jun/2021:06:47:30 +0200] "GET /favicon.ico HTTP/1.1" 200 7670 "http://ferienwohnung-brienz.ch/" "Mozilla/5.0 (Linux; Android 9; SM-G950F) AppleWebKit/537.36 (KHTML, like Gecko) Chrome/90.0.4430.210 Mobile Safari/537.36"
178.38.155.125 - - [03/Jun/2021:06:47:38 +0200] "GET / HTTP/1.1" 500 3148 "-" "Mozilla/5.0 (Linux; Android 9; SM-G950F) AppleWebKit/537.36 (KHTML, like Gecko) Chrome/90.0.4430.210 Mobile Safari/537.36"
178.38.155.125 - - [03/Jun/2021:06:47:39 +0200] "GET /favicon.ico HTTP/1.1" 200 7670 "http://ferienwohnung-brienz.ch/" "Mozilla/5.0 (Linux; Android 9; SM-G950F) AppleWebKit/537.36 (KHTML, like Gecko) Chrome/90.0.4430.210 Mobile Safari/537.36"
178.38.155.125 - - [03/Jun/2021:06:47:43 +0200] "GET / HTTP/1.1" 500 3122 "https://www.google.com/" "Mozilla/5.0 (Linux; Android 9; SM-G950F) AppleWebKit/537.36 (KHTML, like Gecko) Chrome/90.0.4430.210 Mobile Safari/537.36"
178.38.155.125 - - [03/Jun/2021:06:47:59 +0200] "GET / HTTP/1.1" 500 3148 "-" "Mozilla/5.0 (Linux; Android 9; SM-G950F) AppleWebKit/537.36 (KHTML, like Gecko) Chrome/90.0.4430.210 Mobile Safari/537.36"
178.38.155.125 - - [03/Jun/2021:06:48:27 +0200] "GET / HTTP/1.1" 500 3148 "https://www.google.com/" "Mozilla/5.0 (Linux; Android 9; SM-G950F) AppleWebKit/537.36 (KHTML, like Gecko) Chrome/90.0.4430.210 Mobile Safari/537.36"
178.38.155.125 - - [03/Jun/2021:06:48:48 +0200] "GET / HTTP/1.1" 500 3148 "https://www.google.com/" "Mozilla/5.0 (Linux; Android 9; SM-G950F) AppleWebKit/537.36 (KHTML, like Gecko) Chrome/90.0.4430.210 Mobile Safari/537.36"
157.55.39.89 - - [03/Jun/2021:07:06:25 +0200] "GET /forum/oayhs.php?id=83c752-fear-and-loathing-in-las-vegas-discography HTTP/1.1" 200 17629 "-" "Mozilla/5.0 (compatible; bingbot/2.0; +http://www.bing.com/bingbot.htm)"
157.55.39.81 - - [03/Jun/2021:07:23:01 +0200] "GET /wbakdf/sitemap.xml HTTP/1.1" 200 54925 "-" "Mozilla/5.0 (compatible; bingbot/2.0; +http://www.bing.com/bingbot.htm)"
40.77.167.36 - - [03/Jun/2021:07:31:50 +0200] "GET /forum/oayhs.php?id=83c752-wincent-weiss-konzert-m%C3%BCnchen HTTP/1.1" 200 24471 "-" "Mozilla/5.0 (compatible; bingbot/2.0; +http://www.bing.com/bingbot.htm)"
207.46.13.26 - - [03/Jun/2021:07:42:00 +0200] "GET /xr7lk8/sitemap.xml HTTP/1.1" 200 97222 "-" "Mozilla/5.0 (compatible; bingbot/2.0; +http://www.bing.com/bingbot.htm)"
157.55.39.120 - - [03/Jun/2021:07:48:28 +0200] "GET /forum/oayhs.php?id=83c752-shisha-kohle-marken HTTP/1.1" 200 33666 "-" "Mozilla/5.0 (compatible; bingbot/2.0; +http://www.bing.com/bingbot.htm)"
157.55.39.12 - - [03/Jun/2021:07:56:32 +0200] "GET /forum/oayhs.php?id=83c752-kanon-%28kinderlieder%29 HTTP/1.1" 200 18467 "-" "Mozilla/5.0 (compatible; bingbot/2.0; +http://www.bing.com/bingbot.htm)"
157.55.39.120 - - [03/Jun/2021:08:02:13 +0200] "GET /forum/oayhs.php?id=83c752-schlagers%C3%A4nger-bernd HTTP/1.1" 200 26670 "-" "Mozilla/5.0 (compatible; bingbot/2.0; +http://www.bing.com/bingbot.htm)"
157.55.39.89 - - [03/Jun/2021:08:04:49 +0200] "GET /forum/oayhs.php?id=83c752-highlights-instagram HTTP/1.1" 200 19687 "-" "Mozilla/5.0 (compatible; bingbot/2.0; +http://www.bing.com/bingbot.htm)"
114.119.155.122 - - [03/Jun/2021:08:06:03 +0200] "GET /robots.txt HTTP/1.1" 200 307 "-" "Mozilla/5.0 (compatible;PetalBot;+https://webmaster.petalsearch.com/site/petalbot)"
157.55.39.81 - - [03/Jun/2021:08:09:16 +0200] "GET /wp-content/gallery/wohnung-haus/P1040019_2.jpg HTTP/1.1" 200 1350365 "-" "Mozilla/5.0 (compatible; bingbot/2.0; +http://www.bing.com/bingbot.htm)"
116.125.127.153 - - [03/Jun/2021:08:10:14 +0200] "POST /wbakdf/usqew HTTP/1.0" 200 343 "http://ferienwohnung-brienz.ch/wbakdf/usqew" "Mozilla/5.0 (Windows NT 6.3; Win64; x64) AppleWebKit/537.36 (KHTML, like Gecko) Chrome/89.0.4389.90 Safari/537.36"
207.46.13.26 - - [03/Jun/2021:08:10:43 +0200] "GET /forum/oayhs.php?id=83c752-hawaii-five-0 HTTP/1.1" 200 23953 "-" "Mozilla/5.0 (compatible; bingbot/2.0; +http://www.bing.com/bingbot.htm)"
157.55.39.81 - - [03/Jun/2021:08:18:05 +0200] "GET /forum/oayhs.php?id=83c752-video-feuerwerk HTTP/1.1" 200 20495 "-" "Mozilla/5.0 (compatible; bingbot/2.0; +http://www.bing.com/bingbot.htm)"
207.46.13.26 - - [03/Jun/2021:08:18:42 +0200] "GET /forum/oayhs.php?id=83c752-feuerwehreinsatz-rust-heute HTTP/1.1" 200 37163 "-" "Mozilla/5.0 (compatible; bingbot/2.0; +http://www.bing.com/bingbot.htm)"
62.202.188.217 - - [03/Jun/2021:08:27:29 +0200] "GET /wp-admin/ HTTP/1.1" 500 3252 "-" "Mozilla/5.0 (Windows NT 10.0; Win64; x64) AppleWebKit/537.36 (KHTML, like Gecko) Chrome/91.0.4472.77 Safari/537.36"
114.119.138.74 - - [03/Jun/2021:08:29:49 +0200] "GET /kontakt/datenschutzerklaerung HTTP/1.1" 500 3148 "-" "Mozilla/5.0 (Linux; Android 7.0;) AppleWebKit/537.36 (KHTML, like Gecko) Mobile Safari/537.36 (compatible; PetalBot;+https://webmaster.petalsearch.com/site/petalbot)"
89.12.160.39 - - [03/Jun/2021:08:38:44 +0200] "GET / HTTP/1.1" 500 3148 "-" "Mozilla/5.0 (Macintosh; Intel Mac OS X 10_14_6) AppleWebKit/537.36 (KHTML, like Gecko) Chrome/90.0.4430.212 Safari/537.36"
89.12.160.39 - - [03/Jun/2021:08:38:44 +0200] "GET /favicon.ico HTTP/1.1" 200 7670 "http://ferienwohnung-brienz.ch/" "Mozilla/5.0 (Macintosh; Intel Mac OS X 10_14_6) AppleWebKit/537.36 (KHTML, like Gecko) Chrome/90.0.4430.212 Safari/537.36"
89.12.160.39 - - [03/Jun/2021:08:38:50 +0200] "GET /wp-admin HTTP/1.1" 301 509 "-" "Mozilla/5.0 (Macintosh; Intel Mac OS X 10_14_6) AppleWebKit/537.36 (KHTML, like Gecko) Chrome/90.0.4430.212 Safari/537.36"
89.12.160.39 - - [03/Jun/2021:08:38:50 +0200] "GET /wp-admin/ HTTP/1.1" 500 3226 "-" "Mozilla/5.0 (Macintosh; Intel Mac OS X 10_14_6) AppleWebKit/537.36 (KHTML, like Gecko) Chrome/90.0.4430.212 Safari/537.36"
89.12.160.39 - - [03/Jun/2021:08:40:01 +0200] "GET / HTTP/1.1" 500 3148 "-" "Mozilla/5.0 (Macintosh; Intel Mac OS X 10_14_6) AppleWebKit/605.1.15 (KHTML, like Gecko) (Coda, like Safari)"
89.12.160.39 - - [03/Jun/2021:08:40:02 +0200] "GET /apple-touch-icon-precomposed.png HTTP/1.1" 500 3148 "-" "Coda/43619 CFNetwork/978.6 Darwin/18.7.0 (x86_64)"
89.12.160.39 - - [03/Jun/2021:08:40:03 +0200] "GET /apple-touch-icon.png HTTP/1.1" 500 3148 "-" "Coda/43619 CFNetwork/978.6 Darwin/18.7.0 (x86_64)"
89.12.160.39 - - [03/Jun/2021:08:42:19 +0200] "GET /wp-admin/ HTTP/1.1" 500 3193 "-" "Mozilla/5.0 (Macintosh; Intel Mac OS X 10_14_6) AppleWebKit/537.36 (KHTML, like Gecko) Chrome/90.0.4430.212 Safari/537.36"
89.12.160.39 - - [03/Jun/2021:08:42:20 +0200] "GET /favicon.ico HTTP/1.1" 200 7670 "http://ferienwohnung-brienz.ch/wp-admin/" "Mozilla/5.0 (Macintosh; Intel Mac OS X 10_14_6) AppleWebKit/537.36 (KHTML, like Gecko) Chrome/90.0.4430.212 Safari/537.36"
89.12.160.39 - - [03/Jun/2021:08:42:24 +0200] "GET / HTTP/1.1" 500 3108 "-" "Mozilla/5.0 (Macintosh; Intel Mac OS X 10_14_6) AppleWebKit/537.36 (KHTML, like Gecko) Chrome/90.0.4430.212 Safari/537.36"
89.12.160.39 - - [03/Jun/2021:08:44:10 +0200] "GET / HTTP/1.1" 500 2944 "-" "Mozilla/5.0 (Macintosh; Intel Mac OS X 10_14_6) AppleWebKit/537.36 (KHTML, like Gecko) Chrome/90.0.4430.212 Safari/537.36"
89.12.160.39 - - [03/Jun/2021:08:44:11 +0200] "GET /favicon.ico HTTP/1.1" 200 7670 "http://ferienwohnung-brienz.ch/" "Mozilla/5.0 (Macintosh; Intel Mac OS X 10_14_6) AppleWebKit/537.36 (KHTML, like Gecko) Chrome/90.0.4430.212 Safari/537.36"
89.12.160.39 - - [03/Jun/2021:08:45:13 +0200] "GET / HTTP/1.1" 500 3148 "-" "Mozilla/5.0 (Macintosh; Intel Mac OS X 10_14_6) AppleWebKit/537.36 (KHTML, like Gecko) Chrome/90.0.4430.212 Safari/537.36"
89.12.160.39 - - [03/Jun/2021:08:45:14 +0200] "GET /favicon.ico HTTP/1.1" 200 7670 "http://ferienwohnung-brienz.ch/" "Mozilla/5.0 (Macintosh; Intel Mac OS X 10_14_6) AppleWebKit/537.36 (KHTML, like Gecko) Chrome/90.0.4430.212 Safari/537.36"
108.163.211.152 - - [03/Jun/2021:08:45:31 +0200] "GET /wp-includes/comment-template.php HTTP/1.0" 200 255 "http://ferienwohnung-brienz.ch/wp-includes/comment-template.php" "Mozilla/5.0 (X11; CrOS x86_64 13729.56.0) AppleWebKit/537.36 (KHTML, like Gecko) Chrome/89.0.4389.95 Safari/537.36"
89.12.160.39 - - [03/Jun/2021:08:45:52 +0200] "GET / HTTP/1.1" 500 3148 "-" "Mozilla/5.0 (Macintosh; Intel Mac OS X 10_14_6) AppleWebKit/537.36 (KHTML, like Gecko) Chrome/90.0.4430.212 Safari/537.36"
89.12.160.39 - - [03/Jun/2021:08:45:53 +0200] "GET /favicon.ico HTTP/1.1" 200 7670 "http://ferienwohnung-brienz.ch/" "Mozilla/5.0 (Macintosh; Intel Mac OS X 10_14_6) AppleWebKit/537.36 (KHTML, like Gecko) Chrome/90.0.4430.212 Safari/537.36"
89.12.160.39 - - [03/Jun/2021:08:46:00 +0200] "GET / HTTP/1.1" 500 2944 "-" "Mozilla/5.0 (Macintosh; Intel Mac OS X 10_14_6) AppleWebKit/537.36 (KHTML, like Gecko) Chrome/90.0.4430.212 Safari/537.36"
89.12.160.39 - - [03/Jun/2021:08:46:00 +0200] "GET /favicon.ico HTTP/1.1" 200 7670 "http://ferienwohnung-brienz.ch/" "Mozilla/5.0 (Macintosh; Intel Mac OS X 10_14_6) AppleWebKit/537.36 (KHTML, like Gecko) Chrome/90.0.4430.212 Safari/537.36"
